******************************************************************************
             TMS320C2000 Linker Unix v22.6.2                   
******************************************************************************
>> Linked Mon Jul 14 22:40:43 2025

OUTPUT FILE NAME:   <empty_driverlib_project.out>
ENTRY POINT SYMBOL: "code_start"  address: 00000000


MEMORY CONFIGURATION

         name            origin    length      used     unused   attr    fill
----------------------  --------  ---------  --------  --------  ----  --------
PAGE 0:
  BEGIN                 00000000   00000002  00000002  00000000  RWIX
  RAMM0                 00000123   000002dd  00000016  000002c7  RWIX
  RAMLS0                00008000   00000800  000006aa  00000156  RWIX
  RAMLS1                00008800   00000800  00000000  00000800  RWIX
  RAMLS2                00009000   00000800  00000000  00000800  RWIX
  RAMLS3                00009800   00000800  00000000  00000800  RWIX
  RAMLS4                0000a000   00000800  00000000  00000800  RWIX
  RAMD0                 0000b000   00000800  000007ff  00000001  RWIX
  FLASHA                00080002   00001ffe  00000000  00001ffe  RWIX
  FLASHB                00082000   00002000  00000000  00002000  RWIX
  FLASHC                00084000   00002000  00000000  00002000  RWIX
  FLASHD                00086000   00002000  00000000  00002000  RWIX
  FLASHE                00088000   00008000  00000000  00008000  RWIX
  FLASHF                00090000   00008000  00000000  00008000  RWIX
  FLASHG                00098000   00008000  00000000  00008000  RWIX
  FLASHH                000a0000   00008000  00000000  00008000  RWIX
  FLASHI                000a8000   00008000  00000000  00008000  RWIX
  FLASHJ                000b0000   00008000  00000000  00008000  RWIX
  FLASHK                000b8000   00002000  00000000  00002000  RWIX
  FLASHL                000ba000   00002000  00000000  00002000  RWIX
  FLASHM                000bc000   00002000  00000000  00002000  RWIX
  FLASHN                000be000   00001ff0  00000000  00001ff0  RWIX
  RESET                 003fffc0   00000002  00000000  00000002  RWIX

PAGE 1:
  BOOT_RSVD             00000002   00000121  00000000  00000121  RWIX
  RAMM1                 00000400   000003f8  00000100  000002f8  RWIX
  RAMLS5                0000a800   00000800  00000251  000005af  RWIX
  RAMD1                 0000b800   00000800  00000000  00000800  RWIX
  RAMGS0                0000c000   00001000  00000000  00001000  RWIX
  RAMGS1                0000d000   00001000  00000000  00001000  RWIX
  RAMGS2                0000e000   00001000  00000000  00001000  RWIX
  RAMGS3                0000f000   00001000  00000000  00001000  RWIX
  RAMGS4                00010000   00001000  00000000  00001000  RWIX
  RAMGS5                00011000   00001000  00000000  00001000  RWIX
  RAMGS6                00012000   00001000  00000000  00001000  RWIX
  RAMGS7                00013000   00001000  00000000  00001000  RWIX
  RAMGS8                00014000   00001000  00000000  00001000  RWIX
  RAMGS9                00015000   00001000  00000000  00001000  RWIX
  RAMGS10               00016000   00001000  00000000  00001000  RWIX
  RAMGS11               00017000   00001000  00000000  00001000  RWIX
  RAMGS12               00018000   00001000  00000000  00001000  RWIX
  RAMGS13               00019000   00001000  00000000  00001000  RWIX
  RAMGS14               0001a000   00001000  00000000  00001000  RWIX
  RAMGS15               0001b000   00000ff8  00000000  00000ff8  RWIX
  CPU2TOCPU1RAM         0003f800   00000400  00000000  00000400  RWIX
  CPU1TOCPU2RAM         0003fc00   00000400  00000000  00000400  RWIX
  CANA_MSG_RAM          00049000   00000800  00000000  00000800  RWIX
  CANB_MSG_RAM          0004b000   00000800  00000000  00000800  RWIX


SECTION ALLOCATION MAP

 output                                  attributes/
section   page    origin      length       input sections
--------  ----  ----------  ----------   ----------------
codestart 
*          0    00000000    00000002     
                  00000000    00000002     F2837xD_CodeStartBranch.obj (codestart)

.cinit     0    00000128    00000012     
                  00000128    00000009     (.cinit..data.load) [load image, compression = lzss]
                  00000131    00000001     --HOLE-- [fill = 0]
                  00000132    00000004     (__TI_handler_table)
                  00000136    00000004     (__TI_cinit_table)

.reset     0    003fffc0    00000000     DSECT

.stack     1    00000400    00000100     UNINITIALIZED
                  00000400    00000100     --HOLE--

.init_array 
*          0    00000123    00000000     UNINITIALIZED

.const     1    0000a800    00000241     
                  0000a800    000000c2     driverlib_eabi.lib : sysctl.obj (.const:.string)
                  0000a8c2    000000bc                        : gpio.obj (.const:.string)
                  0000a97e    0000005d                        : adc.obj (.const:.string)
                  0000a9db    00000001     --HOLE-- [fill = 0]
                  0000a9dc    00000051     empty_driverlib_main.obj (.const:.string)
                  0000aa2d    00000001     --HOLE-- [fill = 0]
                  0000aa2e    00000013     device.obj (.const:.string)

.data      1    0000aa42    00000010     UNINITIALIZED
                  0000aa42    00000006     device.obj (.data)
                  0000aa48    00000006     rts2800_fpu32_eabi.lib : exit.c.obj (.data)
                  0000aa4e    00000002                            : _lock.c.obj (.data:_lock)
                  0000aa50    00000002                            : _lock.c.obj (.data:_unlock)

.TI.ramfunc 
*          0    00000123    00000004     
                  00000123    00000004     driverlib_eabi.lib : sysctl.obj (.TI.ramfunc)

GETBUFFER 
*          0    0003f800    00000000     DSECT

GETWRITEIDX 
*          0    0003f800    00000000     DSECT

PUTREADIDX 
*          0    0003f800    00000000     DSECT

.text.1    0    00008000    000006aa     
                  00008000    00000209     driverlib_eabi.lib : sysctl.obj (.text:SysCtl_setClock)
                  00008209    00000068                        : sysctl.obj (.text:SysCtl_getDeviceParametric)
                  00008271    00000051                        : sysctl.obj (.text:SysCtl_getClock)
                  000082c2    00000048                        : sysctl.obj (.text:SysCtl_selectOscSource)
                  0000830a    0000003d                        : interrupt.obj (.text:Interrupt_initModule)
                  00008347    00000037                        : gpio.obj (.text:GPIO_setControllerCore)
                  0000837e    00000037                        : gpio.obj (.text:GPIO_setPinConfig)
                  000083b5    00000037                        : gpio.obj (.text:GPIO_setQualificationMode)
                  000083ec    00000031                        : gpio.obj (.text:GPIO_setDirectionMode)
                  0000841d    0000002f                        : adc.obj (.text:ADC_setMode)
                  0000844c    0000002e     rts2800_fpu32_eabi.lib : copy_decompress_lzss.c.obj (.text:decompress:lzss)
                  0000847a    0000002b                            : autoinit.c.obj (.text:__TI_auto_init_nobinit_nopinit)
                  000084a5    00000029                            : exit.c.obj (.text)
                  000084ce    00000028     driverlib_eabi.lib : sysctl.obj (.text:CPUTimer_selectClockSource)
                  000084f6    0000001f                        : sysctl.obj (.text:CPUTimer_getTimerOverflowStatus)
                  00008515    0000001e                        : interrupt.obj (.text:Interrupt_initVectorTable)
                  00008533    0000001d     rts2800_fpu32_eabi.lib : memcpy.c.obj (.text)
                  00008550    0000001b     driverlib_eabi.lib : adc.obj (.text:ADC_isBaseValid)
                  0000856b    0000001a                        : sysctl.obj (.text:CPUTimer_startTimer)
                  00008585    0000001a                        : sysctl.obj (.text:SysCtl_getLowSpeedClock)
                  0000859f    00000017                        : sysctl.obj (.text:CPUTimer_isBaseValid)
                  000085b6    00000017     rts2800_fpu32_eabi.lib : boot28.asm.obj (.text)
                  000085cd    00000016     driverlib_eabi.lib : interrupt.obj (.text:Interrupt_defaultHandler)
                  000085e3    00000014                        : sysctl.obj (.text:CPUTimer_stopTimer)
                  000085f7    00000012                        : sysctl.obj (.text:CPUTimer_clearOverflowFlag)
                  00008609    00000012                        : sysctl.obj (.text:CPUTimer_disableInterrupt)
                  0000861b    00000011                        : sysctl.obj (.text:CPUTimer_setPeriod)
                  0000862c    0000000f                        : sysctl.obj (.text:SysCtl_pollCpuTimer)
                  0000863b    0000000e                        : gpio.obj (.text:GPIO_isPinValid)
                  00008649    0000000d                        : interrupt.obj (.text:Interrupt_disableGlobal)
                  00008656    0000000c     rts2800_fpu32_eabi.lib : args_main.c.obj (.text)
                  00008662    0000000b     driverlib_eabi.lib : sysctl.obj (.text:SysCtl_isMCDClockFailureDetected)
                  0000866d    0000000a                        : interrupt.obj (.text:Interrupt_illegalOperationHandler)
                  00008677    0000000a                        : interrupt.obj (.text:Interrupt_nmiHandler)
                  00008681    00000009                        : sysctl.obj (.text:SysCtl_serviceWatchdog)
                  0000868a    00000009     rts2800_fpu32_eabi.lib : _lock.c.obj (.text)
                  00008693    00000008     F2837xD_CodeStartBranch.obj (.text)
                  0000869b    00000008     rts2800_fpu32_eabi.lib : copy_decompress_none.c.obj (.text:decompress:none)
                  000086a3    00000007     driverlib_eabi.lib : sysctl.obj (.text:SysCtl_resetMCD)

.text.2    0    0000b000    000007ff     
                  0000b000    000003ff     device.obj (.text)
                  0000b3ff    00000216     empty_driverlib_main.obj (.text)
                  0000b615    00000090     driverlib_eabi.lib : sysctl.obj (.text:SysCtl_selectXTAL)
                  0000b6a5    00000088     rts2800_fpu32_eabi.lib : fs_div28.asm.obj (.text)
                  0000b72d    0000006f     driverlib_eabi.lib : adc.obj (.text:ADC_setINLTrim)
                  0000b79c    00000060                        : adc.obj (.text:ADC_setOffsetTrim)
                  0000b7fc    00000002     rts2800_fpu32_eabi.lib : pre_init.c.obj (.text)
                  0000b7fe    00000001                            : startup.c.obj (.text)

MODULE SUMMARY

       Module                        code   ro data   rw data
       ------                        ----   -------   -------
    ./
       empty_driverlib_main.obj      534    81        0      
    +--+-----------------------------+------+---------+---------+
       Total:                        534    81        0      
                                                             
    ./device/
       device.obj                    1023   19        6      
       F2837xD_CodeStartBranch.obj   10     0         0      
    +--+-----------------------------+------+---------+---------+
       Total:                        1033   19        6      
                                                             
    /Applications/ti/ccs2020/ccs/tools/compiler/ti-cgt-c2000_22.6.2.LTS/lib/rts2800_fpu32_eabi.lib
       fs_div28.asm.obj              136    0         0      
       exit.c.obj                    41     0         6      
       copy_decompress_lzss.c.obj    46     0         0      
       autoinit.c.obj                43     0         0      
       memcpy.c.obj                  29     0         0      
       boot28.asm.obj                23     0         0      
       _lock.c.obj                   9      0         4      
       args_main.c.obj               12     0         0      
       copy_decompress_none.c.obj    8      0         0      
       pre_init.c.obj                2      0         0      
       startup.c.obj                 1      0         0      
    +--+-----------------------------+------+---------+---------+
       Total:                        350    0         10     
                                                             
    /Users/chaturvasireddy/ti/C2000Ware_5_05_00_00/driverlib/f2837xd/driverlib/ccs/Debug/driverlib_eabi.lib
       sysctl.obj                    1187   194       0      
       gpio.obj                      228    188       0      
       adc.obj                       281    93        0      
       interrupt.obj                 146    0         0      
    +--+-----------------------------+------+---------+---------+
       Total:                        1842   475       0      
                                                             
       Stack:                        0      0         256    
       Linker Generated:             0      17        0      
    +--+-----------------------------+------+---------+---------+
       Grand Total:                  3759   592       272    


LINKER GENERATED COPY TABLES

__TI_cinit_table @ 00000136 records: 1, size/record: 4, table size: 4
	.data: load addr=00000128, load size=00000009 bytes, run addr=0000aa42, run size=00000010 bytes, compression=lzss


LINKER GENERATED HANDLER TABLE

__TI_handler_table @ 00000132 records: 2, size/record: 2, table size: 4
	index: 0, handler: __TI_decompress_lzss
	index: 1, handler: __TI_decompress_none


GLOBAL DATA SYMBOLS: SORTED BY DATA PAGE

address     data page           name
--------    ----------------    ----
00000400      10 (00000400)     __stack

0000aa42     2a9 (0000aa40)     Example_Result
0000aa44     2a9 (0000aa40)     Example_PassCount
0000aa46     2a9 (0000aa40)     Example_Fail
0000aa48     2a9 (0000aa40)     __TI_enable_exit_profile_output
0000aa4a     2a9 (0000aa40)     __TI_cleanup_ptr
0000aa4c     2a9 (0000aa40)     __TI_dtors_ptr
0000aa4e     2a9 (0000aa40)     _lock
0000aa50     2a9 (0000aa40)     _unlock


GLOBAL SYMBOLS: SORTED ALPHABETICALLY BY Name 

page  address   name                                     
----  -------   ----                                     
0     0000b72d  ADC_setINLTrim                           
0     0000841d  ADC_setMode                              
0     0000b79c  ADC_setOffsetTrim                        
0     000084a5  C$$EXIT                                  
0     0000b273  Device_bootCPU2                          
0     0000b242  Device_configureTMXAnalogTrim            
0     0000b0f0  Device_enableAllPeripherals              
0     0000b22c  Device_enableUnbondedGPIOPullups         
0     0000b20f  Device_enableUnbondedGPIOPullupsFor100Pin
0     0000b1fc  Device_enableUnbondedGPIOPullupsFor176Pin
0     0000b0ae  Device_init                              
0     0000b1db  Device_initGPIO                          
1     0000aa46  Example_Fail                             
1     0000aa44  Example_PassCount                        
1     0000aa42  Example_Result                           
0     0000b3fe  Example_done                             
0     0000b3f9  Example_setResultFail                    
0     0000b3f4  Example_setResultPass                    
0     00008347  GPIO_setControllerCore                   
0     000083ec  GPIO_setDirectionMode                    
0     0000837e  GPIO_setPinConfig                        
0     000083b5  GPIO_setQualificationMode                
0     000085cd  Interrupt_defaultHandler                 
0     0000866d  Interrupt_illegalOperationHandler        
0     0000830a  Interrupt_initModule                     
0     00008515  Interrupt_initVectorTable                
0     00008677  Interrupt_nmiHandler                     
0     00000123  SysCtl_delay                             
0     00008271  SysCtl_getClock                          
0     00008209  SysCtl_getDeviceParametric               
0     00008585  SysCtl_getLowSpeedClock                  
0     000082c2  SysCtl_selectOscSource                   
0     0000b615  SysCtl_selectXTAL                        
0     00008000  SysCtl_setClock                          
0     00000136  __TI_CINIT_Base                          
0     0000013a  __TI_CINIT_Limit                         
0     0000013a  __TI_CINIT_Warm                          
0     00000132  __TI_Handler_Table_Base                  
0     00000136  __TI_Handler_Table_Limit                 
1     00000500  __TI_STACK_END                           
abs   00000100  __TI_STACK_SIZE                          
0     0000847a  __TI_auto_init_nobinit_nopinit           
1     0000aa4a  __TI_cleanup_ptr                         
0     0000844c  __TI_decompress_lzss                     
0     0000869b  __TI_decompress_none                     
1     0000aa4c  __TI_dtors_ptr                           
1     0000aa48  __TI_enable_exit_profile_output          
abs   ffffffff  __TI_pprof_out_hndl                      
abs   ffffffff  __TI_prof_data_size                      
abs   ffffffff  __TI_prof_data_start                     
0     0000b6a5  __c28xabi_divf                           
n/a   UNDEFED   __c_args__                               
0     0000b3ed  __error__                                
1     00000400  __stack                                  
0     00008656  _args_main                               
0     000085b6  _c_int00                                 
1     0000aa4e  _lock                                    
0     00008692  _nop                                     
0     0000868e  _register_lock                           
0     0000868a  _register_unlock                         
0     0000b7fe  _system_post_cinit                       
0     0000b7fc  _system_pre_init                         
1     0000aa50  _unlock                                  
0     000084a5  abort                                    
0     00000000  code_start                               
0     000084a7  exit                                     
0     0000b5cb  initADCSOCs                              
0     0000b59d  initADCs                                 
0     0000b551  main                                     
0     00008533  memcpy                                   


GLOBAL SYMBOLS: SORTED BY Symbol Address 

page  address   name                                     
----  -------   ----                                     
0     00000000  code_start                               
0     00000123  SysCtl_delay                             
0     00000132  __TI_Handler_Table_Base                  
0     00000136  __TI_CINIT_Base                          
0     00000136  __TI_Handler_Table_Limit                 
0     0000013a  __TI_CINIT_Limit                         
0     0000013a  __TI_CINIT_Warm                          
0     00008000  SysCtl_setClock                          
0     00008209  SysCtl_getDeviceParametric               
0     00008271  SysCtl_getClock                          
0     000082c2  SysCtl_selectOscSource                   
0     0000830a  Interrupt_initModule                     
0     00008347  GPIO_setControllerCore                   
0     0000837e  GPIO_setPinConfig                        
0     000083b5  GPIO_setQualificationMode                
0     000083ec  GPIO_setDirectionMode                    
0     0000841d  ADC_setMode                              
0     0000844c  __TI_decompress_lzss                     
0     0000847a  __TI_auto_init_nobinit_nopinit           
0     000084a5  C$$EXIT                                  
0     000084a5  abort                                    
0     000084a7  exit                                     
0     00008515  Interrupt_initVectorTable                
0     00008533  memcpy                                   
0     00008585  SysCtl_getLowSpeedClock                  
0     000085b6  _c_int00                                 
0     000085cd  Interrupt_defaultHandler                 
0     00008656  _args_main                               
0     0000866d  Interrupt_illegalOperationHandler        
0     00008677  Interrupt_nmiHandler                     
0     0000868a  _register_unlock                         
0     0000868e  _register_lock                           
0     00008692  _nop                                     
0     0000869b  __TI_decompress_none                     
0     0000b0ae  Device_init                              
0     0000b0f0  Device_enableAllPeripherals              
0     0000b1db  Device_initGPIO                          
0     0000b1fc  Device_enableUnbondedGPIOPullupsFor176Pin
0     0000b20f  Device_enableUnbondedGPIOPullupsFor100Pin
0     0000b22c  Device_enableUnbondedGPIOPullups         
0     0000b242  Device_configureTMXAnalogTrim            
0     0000b273  Device_bootCPU2                          
0     0000b3ed  __error__                                
0     0000b3f4  Example_setResultPass                    
0     0000b3f9  Example_setResultFail                    
0     0000b3fe  Example_done                             
0     0000b551  main                                     
0     0000b59d  initADCs                                 
0     0000b5cb  initADCSOCs                              
0     0000b615  SysCtl_selectXTAL                        
0     0000b6a5  __c28xabi_divf                           
0     0000b72d  ADC_setINLTrim                           
0     0000b79c  ADC_setOffsetTrim                        
0     0000b7fc  _system_pre_init                         
0     0000b7fe  _system_post_cinit                       
1     00000400  __stack                                  
1     00000500  __TI_STACK_END                           
1     0000aa42  Example_Result                           
1     0000aa44  Example_PassCount                        
1     0000aa46  Example_Fail                             
1     0000aa48  __TI_enable_exit_profile_output          
1     0000aa4a  __TI_cleanup_ptr                         
1     0000aa4c  __TI_dtors_ptr                           
1     0000aa4e  _lock                                    
1     0000aa50  _unlock                                  
abs   00000100  __TI_STACK_SIZE                          
abs   ffffffff  __TI_pprof_out_hndl                      
abs   ffffffff  __TI_prof_data_size                      
abs   ffffffff  __TI_prof_data_start                     
n/a   UNDEFED   __c_args__                               

[70 symbols]
