******************************************************************************
             TMS320C2000 Linker Unix v22.6.2                   
******************************************************************************
>> Linked Mon Jul 21 23:02:32 2025

OUTPUT FILE NAME:   <ti_am_demodulator.out>
ENTRY POINT SYMBOL: "code_start"  address: 00000000


MEMORY CONFIGURATION

         name            origin    length      used     unused   attr    fill
----------------------  --------  ---------  --------  --------  ----  --------
PAGE 0:
  BEGIN                 00000000   00000002  00000002  00000000  RWIX
  RAMM0                 00000123   000002dd  00000020  000002bd  RWIX
  RAMLS0                00008000   00000800  00000800  00000000  RWIX
  RAMLS1                00008800   00000800  000000d5  0000072b  RWIX
  RAMLS2                00009000   00000800  00000000  00000800  RWIX
  RAMLS3                00009800   00000800  00000000  00000800  RWIX
  RAMLS4                0000a000   00000800  00000000  00000800  RWIX
  RAMD0                 0000b000   00000800  00000800  00000000  RWIX
  FLASHA                00080002   00001ffe  00000000  00001ffe  RWIX
  FLASHB                00082000   00002000  00000000  00002000  RWIX
  FLASHC                00084000   00002000  00000000  00002000  RWIX
  FLASHD                00086000   00002000  00000000  00002000  RWIX
  FLASHE                00088000   00008000  00000000  00008000  RWIX
  FLASHF                00090000   00008000  00000000  00008000  RWIX
  FLASHG                00098000   00008000  00000000  00008000  RWIX
  FLASHH                000a0000   00008000  00000000  00008000  RWIX
  FLASHI                000a8000   00008000  00000000  00008000  RWIX
  FLASHJ                000b0000   00008000  00000000  00008000  RWIX
  FLASHK                000b8000   00002000  00000000  00002000  RWIX
  FLASHL                000ba000   00002000  00000000  00002000  RWIX
  FLASHM                000bc000   00002000  00000000  00002000  RWIX
  FLASHN                000be000   00001ff0  00000000  00001ff0  RWIX
  RESET                 003fffc0   00000002  00000000  00000002  RWIX

PAGE 1:
  BOOT_RSVD             00000002   00000121  00000000  00000121  RWIX
  RAMM1                 00000400   000003f8  00000100  000002f8  RWIX
  RAMLS5                0000a800   00000800  000002c5  0000053b  RWIX
  RAMD1                 0000b800   00000800  00000000  00000800  RWIX
  RAMGS0                0000c000   00001000  00000000  00001000  RWIX
  RAMGS1                0000d000   00001000  00000000  00001000  RWIX
  RAMGS2                0000e000   00001000  00000000  00001000  RWIX
  RAMGS3                0000f000   00001000  00000000  00001000  RWIX
  RAMGS4                00010000   00001000  00000000  00001000  RWIX
  RAMGS5                00011000   00001000  00000000  00001000  RWIX
  RAMGS6                00012000   00001000  00000000  00001000  RWIX
  RAMGS7                00013000   00001000  00000000  00001000  RWIX
  RAMGS8                00014000   00001000  00000000  00001000  RWIX
  RAMGS9                00015000   00001000  00000000  00001000  RWIX
  RAMGS10               00016000   00001000  00000000  00001000  RWIX
  RAMGS11               00017000   00001000  00000000  00001000  RWIX
  RAMGS12               00018000   00001000  00000000  00001000  RWIX
  RAMGS13               00019000   00001000  00000000  00001000  RWIX
  RAMGS14               0001a000   00001000  00000000  00001000  RWIX
  RAMGS15               0001b000   00000ff8  00000000  00000ff8  RWIX
  CPU2TOCPU1RAM         0003f800   00000400  00000000  00000400  RWIX
  CPU1TOCPU2RAM         0003fc00   00000400  00000000  00000400  RWIX
  CANA_MSG_RAM          00049000   00000800  00000000  00000800  RWIX
  CANB_MSG_RAM          0004b000   00000800  00000000  00000800  RWIX


SECTION ALLOCATION MAP

 output                                  attributes/
section   page    origin      length       input sections
--------  ----  ----------  ----------   ----------------
codestart 
*          0    00000000    00000002     
                  00000000    00000002     F2837xD_CodeStartBranch.obj (codestart)

.cinit     0    00000128    0000001c     
                  00000128    00000009     (.cinit..data.load) [load image, compression = lzss]
                  00000131    00000001     --HOLE-- [fill = 0]
                  00000132    00000006     (__TI_handler_table)
                  00000138    00000004     (.cinit..bss.load) [load image, compression = zero_init]
                  0000013c    00000008     (__TI_cinit_table)

.reset     0    003fffc0    00000000     DSECT

.stack     1    00000400    00000100     UNINITIALIZED
                  00000400    00000100     --HOLE--

.bss       1    0000aa93    00000022     UNINITIALIZED
                  0000aa93    00000020     main.obj (.bss:adcAResults)
                  0000aab3    00000002     main.obj (.bss)

.init_array 
*          0    00000123    00000000     UNINITIALIZED

.const     1    0000a800    00000293     
                  0000a800    000000c2     driverlib_eabi.lib : sysctl.obj (.const:.string)
                  0000a8c2    000000bc                        : gpio.obj (.const:.string)
                  0000a97e    000000a4     main.obj (.const:.string)
                  0000aa22    0000005d     driverlib_eabi.lib : adc.obj (.const:.string)
                  0000aa7f    00000001     --HOLE-- [fill = 0]
                  0000aa80    00000013     device.obj (.const:.string)

.data      1    0000aab6    00000010     UNINITIALIZED
                  0000aab6    00000006     device.obj (.data)
                  0000aabc    00000002     rts2800_fpu32_eabi.lib : _lock.c.obj (.data:_lock)
                  0000aabe    00000002                            : _lock.c.obj (.data:_unlock)
                  0000aac0    00000006                            : exit.c.obj (.data)

.TI.ramfunc 
*          0    00000123    00000004     
                  00000123    00000004     driverlib_eabi.lib : sysctl.obj (.TI.ramfunc)

GETBUFFER 
*          0    0003f800    00000000     DSECT

GETWRITEIDX 
*          0    0003f800    00000000     DSECT

PUTREADIDX 
*          0    0003f800    00000000     DSECT

.text.1    0    00008000    00000800     
                  00008000    00000209     driverlib_eabi.lib : sysctl.obj (.text:SysCtl_setClock)
                  00008209    00000090                        : sysctl.obj (.text:SysCtl_selectXTAL)
                  00008299    00000088     rts2800_fpu32_eabi.lib : fs_div28.asm.obj (.text)
                  00008321    0000006f     driverlib_eabi.lib : adc.obj (.text:ADC_setINLTrim)
                  00008390    00000060                        : adc.obj (.text:ADC_setOffsetTrim)
                  000083f0    00000058     main.obj (.text:retain)
                  00008448    00000051     driverlib_eabi.lib : sysctl.obj (.text:SysCtl_getClock)
                  00008499    00000048                        : sysctl.obj (.text:SysCtl_selectOscSource)
                  000084e1    0000003d                        : interrupt.obj (.text:Interrupt_initModule)
                  0000851e    00000037                        : gpio.obj (.text:GPIO_setControllerCore)
                  00008555    00000037                        : gpio.obj (.text:GPIO_setPinConfig)
                  0000858c    00000037                        : gpio.obj (.text:GPIO_setQualificationMode)
                  000085c3    00000037                        : interrupt.obj (.text:Interrupt_enable)
                  000085fa    00000031                        : gpio.obj (.text:GPIO_setDirectionMode)
                  0000862b    0000002f                        : adc.obj (.text:ADC_setMode)
                  0000865a    0000002e     rts2800_fpu32_eabi.lib : copy_decompress_lzss.c.obj (.text:decompress:lzss)
                  00008688    0000002b                            : autoinit.c.obj (.text:__TI_auto_init_nobinit_nopinit)
                  000086b3    00000029                            : exit.c.obj (.text)
                  000086dc    00000028     driverlib_eabi.lib : sysctl.obj (.text:CPUTimer_selectClockSource)
                  00008704    0000001f                        : sysctl.obj (.text:CPUTimer_getTimerOverflowStatus)
                  00008723    0000001e                        : interrupt.obj (.text:Interrupt_initVectorTable)
                  00008741    0000001d     rts2800_fpu32_eabi.lib : memcpy.c.obj (.text)
                  0000875e    0000001b     driverlib_eabi.lib : adc.obj (.text:ADC_isBaseValid)
                  00008779    0000001a                        : sysctl.obj (.text:CPUTimer_startTimer)
                  00008793    0000001a                        : sysctl.obj (.text:SysCtl_getLowSpeedClock)
                  000087ad    00000017                        : sysctl.obj (.text:CPUTimer_isBaseValid)
                  000087c4    00000017     rts2800_fpu32_eabi.lib : boot28.asm.obj (.text)
                  000087db    00000016     driverlib_eabi.lib : interrupt.obj (.text:Interrupt_defaultHandler)
                  000087f1    0000000f                        : sysctl.obj (.text:SysCtl_pollCpuTimer)

.text.2    0    00008800    000000d5     
                  00008800    00000014     driverlib_eabi.lib : sysctl.obj (.text:CPUTimer_stopTimer)
                  00008814    00000012                        : sysctl.obj (.text:CPUTimer_clearOverflowFlag)
                  00008826    00000012                        : sysctl.obj (.text:CPUTimer_disableInterrupt)
                  00008838    00000011                        : sysctl.obj (.text:CPUTimer_setPeriod)
                  00008849    0000000e                        : gpio.obj (.text:GPIO_isPinValid)
                  00008857    0000000d                        : interrupt.obj (.text:Interrupt_disableGlobal)
                  00008864    0000000d                        : interrupt.obj (.text:Interrupt_enableGlobal)
                  00008871    0000000d     rts2800_fpu32_eabi.lib : copy_zero_init.c.obj (.text:decompress:ZI:__TI_zero_init_nomemset)
                  0000887e    0000000c                            : args_main.c.obj (.text)
                  0000888a    0000000b     driverlib_eabi.lib : sysctl.obj (.text:SysCtl_isMCDClockFailureDetected)
                  00008895    0000000a                        : interrupt.obj (.text:Interrupt_illegalOperationHandler)
                  0000889f    0000000a                        : interrupt.obj (.text:Interrupt_nmiHandler)
                  000088a9    00000009                        : sysctl.obj (.text:SysCtl_serviceWatchdog)
                  000088b2    00000009     rts2800_fpu32_eabi.lib : _lock.c.obj (.text)
                  000088bb    00000008     F2837xD_CodeStartBranch.obj (.text)
                  000088c3    00000008     rts2800_fpu32_eabi.lib : copy_decompress_none.c.obj (.text:decompress:none)
                  000088cb    00000007     driverlib_eabi.lib : sysctl.obj (.text:SysCtl_resetMCD)
                  000088d2    00000002     rts2800_fpu32_eabi.lib : pre_init.c.obj (.text)
                  000088d4    00000001                            : startup.c.obj (.text)

.text.3    0    0000b000    00000800     
                  0000b000    000003ff     device.obj (.text)
                  0000b3ff    00000399     main.obj (.text)
                  0000b798    00000068     driverlib_eabi.lib : sysctl.obj (.text:SysCtl_getDeviceParametric)

MODULE SUMMARY

       Module                        code   ro data   rw data
       ------                        ----   -------   -------
    ./
       main.obj                      1009   164       34     
    +--+-----------------------------+------+---------+---------+
       Total:                        1009   164       34     
                                                             
    ./device/
       device.obj                    1023   19        6      
       F2837xD_CodeStartBranch.obj   10     0         0      
    +--+-----------------------------+------+---------+---------+
       Total:                        1033   19        6      
                                                             
    /Applications/ti/ccs2020/ccs/tools/compiler/ti-cgt-c2000_22.6.2.LTS/lib/rts2800_fpu32_eabi.lib
       fs_div28.asm.obj              136    0         0      
       exit.c.obj                    41     0         6      
       copy_decompress_lzss.c.obj    46     0         0      
       autoinit.c.obj                43     0         0      
       memcpy.c.obj                  29     0         0      
       boot28.asm.obj                23     0         0      
       _lock.c.obj                   9      0         4      
       copy_zero_init.c.obj          13     0         0      
       args_main.c.obj               12     0         0      
       copy_decompress_none.c.obj    8      0         0      
       pre_init.c.obj                2      0         0      
       startup.c.obj                 1      0         0      
    +--+-----------------------------+------+---------+---------+
       Total:                        363    0         10     
                                                             
    /Users/chaturvasireddy/ti/C2000Ware_5_05_00_00/driverlib/f2837xd/driverlib/ccs/Debug/driverlib_eabi.lib
       sysctl.obj                    1187   194       0      
       gpio.obj                      228    188       0      
       adc.obj                       281    93        0      
       interrupt.obj                 214    0         0      
    +--+-----------------------------+------+---------+---------+
       Total:                        1910   475       0      
                                                             
       Stack:                        0      0         256    
       Linker Generated:             0      27        0      
    +--+-----------------------------+------+---------+---------+
       Grand Total:                  4315   685       306    


LINKER GENERATED COPY TABLES

__TI_cinit_table @ 0000013c records: 2, size/record: 4, table size: 8
	.data: load addr=00000128, load size=00000009 bytes, run addr=0000aab6, run size=00000010 bytes, compression=lzss
	.bss: load addr=00000138, load size=00000004 bytes, run addr=0000aa93, run size=00000022 bytes, compression=zero_init


LINKER GENERATED HANDLER TABLE

__TI_handler_table @ 00000132 records: 3, size/record: 2, table size: 6
	index: 0, handler: __TI_zero_init
	index: 1, handler: __TI_decompress_lzss
	index: 2, handler: __TI_decompress_none


GLOBAL DATA SYMBOLS: SORTED BY DATA PAGE

address     data page           name
--------    ----------------    ----
00000400      10 (00000400)     __stack

0000aa93     2aa (0000aa80)     adcAResults
0000aab3     2aa (0000aa80)     index
0000aab4     2aa (0000aa80)     bufferFull
0000aab6     2aa (0000aa80)     Example_Result
0000aab8     2aa (0000aa80)     Example_PassCount
0000aaba     2aa (0000aa80)     Example_Fail
0000aabc     2aa (0000aa80)     _lock
0000aabe     2aa (0000aa80)     _unlock

0000aac0     2ab (0000aac0)     __TI_enable_exit_profile_output
0000aac2     2ab (0000aac0)     __TI_cleanup_ptr
0000aac4     2ab (0000aac0)     __TI_dtors_ptr


GLOBAL SYMBOLS: SORTED ALPHABETICALLY BY Name 

page  address   name                                     
----  -------   ----                                     
0     00008321  ADC_setINLTrim                           
0     0000862b  ADC_setMode                              
0     00008390  ADC_setOffsetTrim                        
0     000086b3  C$$EXIT                                  
0     0000b273  Device_bootCPU2                          
0     0000b242  Device_configureTMXAnalogTrim            
0     0000b0f0  Device_enableAllPeripherals              
0     0000b22c  Device_enableUnbondedGPIOPullups         
0     0000b20f  Device_enableUnbondedGPIOPullupsFor100Pin
0     0000b1fc  Device_enableUnbondedGPIOPullupsFor176Pin
0     0000b0ae  Device_init                              
0     0000b1db  Device_initGPIO                          
1     0000aaba  Example_Fail                             
1     0000aab8  Example_PassCount                        
1     0000aab6  Example_Result                           
0     0000b3fe  Example_done                             
0     0000b3f9  Example_setResultFail                    
0     0000b3f4  Example_setResultPass                    
0     0000851e  GPIO_setControllerCore                   
0     000085fa  GPIO_setDirectionMode                    
0     00008555  GPIO_setPinConfig                        
0     0000858c  GPIO_setQualificationMode                
0     000087db  Interrupt_defaultHandler                 
0     000085c3  Interrupt_enable                         
0     00008895  Interrupt_illegalOperationHandler        
0     000084e1  Interrupt_initModule                     
0     00008723  Interrupt_initVectorTable                
0     0000889f  Interrupt_nmiHandler                     
0     00000123  SysCtl_delay                             
0     00008448  SysCtl_getClock                          
0     0000b798  SysCtl_getDeviceParametric               
0     00008793  SysCtl_getLowSpeedClock                  
0     00008499  SysCtl_selectOscSource                   
0     00008209  SysCtl_selectXTAL                        
0     00008000  SysCtl_setClock                          
0     0000013c  __TI_CINIT_Base                          
0     00000144  __TI_CINIT_Limit                         
0     00000144  __TI_CINIT_Warm                          
0     00000132  __TI_Handler_Table_Base                  
0     00000138  __TI_Handler_Table_Limit                 
1     00000500  __TI_STACK_END                           
abs   00000100  __TI_STACK_SIZE                          
0     00008688  __TI_auto_init_nobinit_nopinit           
1     0000aac2  __TI_cleanup_ptr                         
0     0000865a  __TI_decompress_lzss                     
0     000088c3  __TI_decompress_none                     
1     0000aac4  __TI_dtors_ptr                           
1     0000aac0  __TI_enable_exit_profile_output          
abs   ffffffff  __TI_pprof_out_hndl                      
abs   ffffffff  __TI_prof_data_size                      
abs   ffffffff  __TI_prof_data_start                     
0     00008871  __TI_zero_init_nomemset                  
0     00008299  __c28xabi_divf                           
n/a   UNDEFED   __c_args__                               
0     0000b3ed  __error__                                
1     00000400  __stack                                  
0     0000887e  _args_main                               
0     000087c4  _c_int00                                 
1     0000aabc  _lock                                    
0     000088ba  _nop                                     
0     000088b6  _register_lock                           
0     000088b2  _register_unlock                         
0     000088d4  _system_post_cinit                       
0     000088d2  _system_pre_init                         
1     0000aabe  _unlock                                  
0     000086b3  abort                                    
0     000083f0  adcA1ISR                                 
1     0000aa93  adcAResults                              
1     0000aab4  bufferFull                               
0     00000000  code_start                               
0     000086b5  exit                                     
1     0000aab3  index                                    
0     0000b738  initADC                                  
0     0000b77c  initADCSOC                               
0     0000b752  initEPWM                                 
0     0000b6ee  main                                     
0     00008741  memcpy                                   


GLOBAL SYMBOLS: SORTED BY Symbol Address 

page  address   name                                     
----  -------   ----                                     
0     00000000  code_start                               
0     00000123  SysCtl_delay                             
0     00000132  __TI_Handler_Table_Base                  
0     00000138  __TI_Handler_Table_Limit                 
0     0000013c  __TI_CINIT_Base                          
0     00000144  __TI_CINIT_Limit                         
0     00000144  __TI_CINIT_Warm                          
0     00008000  SysCtl_setClock                          
0     00008209  SysCtl_selectXTAL                        
0     00008299  __c28xabi_divf                           
0     00008321  ADC_setINLTrim                           
0     00008390  ADC_setOffsetTrim                        
0     000083f0  adcA1ISR                                 
0     00008448  SysCtl_getClock                          
0     00008499  SysCtl_selectOscSource                   
0     000084e1  Interrupt_initModule                     
0     0000851e  GPIO_setControllerCore                   
0     00008555  GPIO_setPinConfig                        
0     0000858c  GPIO_setQualificationMode                
0     000085c3  Interrupt_enable                         
0     000085fa  GPIO_setDirectionMode                    
0     0000862b  ADC_setMode                              
0     0000865a  __TI_decompress_lzss                     
0     00008688  __TI_auto_init_nobinit_nopinit           
0     000086b3  C$$EXIT                                  
0     000086b3  abort                                    
0     000086b5  exit                                     
0     00008723  Interrupt_initVectorTable                
0     00008741  memcpy                                   
0     00008793  SysCtl_getLowSpeedClock                  
0     000087c4  _c_int00                                 
0     000087db  Interrupt_defaultHandler                 
0     00008871  __TI_zero_init_nomemset                  
0     0000887e  _args_main                               
0     00008895  Interrupt_illegalOperationHandler        
0     0000889f  Interrupt_nmiHandler                     
0     000088b2  _register_unlock                         
0     000088b6  _register_lock                           
0     000088ba  _nop                                     
0     000088c3  __TI_decompress_none                     
0     000088d2  _system_pre_init                         
0     000088d4  _system_post_cinit                       
0     0000b0ae  Device_init                              
0     0000b0f0  Device_enableAllPeripherals              
0     0000b1db  Device_initGPIO                          
0     0000b1fc  Device_enableUnbondedGPIOPullupsFor176Pin
0     0000b20f  Device_enableUnbondedGPIOPullupsFor100Pin
0     0000b22c  Device_enableUnbondedGPIOPullups         
0     0000b242  Device_configureTMXAnalogTrim            
0     0000b273  Device_bootCPU2                          
0     0000b3ed  __error__                                
0     0000b3f4  Example_setResultPass                    
0     0000b3f9  Example_setResultFail                    
0     0000b3fe  Example_done                             
0     0000b6ee  main                                     
0     0000b738  initADC                                  
0     0000b752  initEPWM                                 
0     0000b77c  initADCSOC                               
0     0000b798  SysCtl_getDeviceParametric               
1     00000400  __stack                                  
1     00000500  __TI_STACK_END                           
1     0000aa93  adcAResults                              
1     0000aab3  index                                    
1     0000aab4  bufferFull                               
1     0000aab6  Example_Result                           
1     0000aab8  Example_PassCount                        
1     0000aaba  Example_Fail                             
1     0000aabc  _lock                                    
1     0000aabe  _unlock                                  
1     0000aac0  __TI_enable_exit_profile_output          
1     0000aac2  __TI_cleanup_ptr                         
1     0000aac4  __TI_dtors_ptr                           
abs   00000100  __TI_STACK_SIZE                          
abs   ffffffff  __TI_pprof_out_hndl                      
abs   ffffffff  __TI_prof_data_size                      
abs   ffffffff  __TI_prof_data_start                     
n/a   UNDEFED   __c_args__                               

[77 symbols]
