<?xml version="1.0" encoding="ISO-8859-1" ?>
<link_info>
   <banner>TMS320C2000 Linker Unix v22.6.2.LTS</banner>
   <copyright>Copyright (c) 1996-2018 Texas Instruments Incorporated</copyright>
   <link_time>0x688837d6</link_time>
   <link_errors>0x0</link_errors>
   <output_file>ti_am_demodulator.out</output_file>
   <entry_point>
      <name>code_start</name>
      <address>0x0</address>
   </entry_point>
   <input_file_list>
      <input_file id="fl-1">
         <path>./syscfg/</path>
         <kind>object</kind>
         <file>board.obj</file>
         <name>board.obj</name>
      </input_file>
      <input_file id="fl-2">
         <path>./syscfg/</path>
         <kind>object</kind>
         <file>c2000ware_libraries.obj</file>
         <name>c2000ware_libraries.obj</name>
      </input_file>
      <input_file id="fl-3">
         <path>./</path>
         <kind>object</kind>
         <file>main.obj</file>
         <name>main.obj</name>
      </input_file>
      <input_file id="fl-4">
         <path>./device/</path>
         <kind>object</kind>
         <file>F2837xD_CodeStartBranch.obj</file>
         <name>F2837xD_CodeStartBranch.obj</name>
      </input_file>
      <input_file id="fl-5">
         <path>./device/</path>
         <kind>object</kind>
         <file>device.obj</file>
         <name>device.obj</name>
      </input_file>
      <input_file id="fl-a">
         <kind>object</kind>
         <file>&lt;internal&gt;</file>
         <name>&lt;internal&gt;</name>
      </input_file>
      <input_file id="fl-e">
         <path>/Users/chaturvasireddy/ti/C2000Ware_5_05_00_00/driverlib/f2837xd/driverlib/ccs/Debug/</path>
         <kind>archive</kind>
         <file>driverlib_eabi.lib</file>
         <name>adc.obj</name>
      </input_file>
      <input_file id="fl-f">
         <path>/Users/chaturvasireddy/ti/C2000Ware_5_05_00_00/driverlib/f2837xd/driverlib/ccs/Debug/</path>
         <kind>archive</kind>
         <file>driverlib_eabi.lib</file>
         <name>gpio.obj</name>
      </input_file>
      <input_file id="fl-10">
         <path>/Users/chaturvasireddy/ti/C2000Ware_5_05_00_00/driverlib/f2837xd/driverlib/ccs/Debug/</path>
         <kind>archive</kind>
         <file>driverlib_eabi.lib</file>
         <name>interrupt.obj</name>
      </input_file>
      <input_file id="fl-11">
         <path>/Users/chaturvasireddy/ti/C2000Ware_5_05_00_00/driverlib/f2837xd/driverlib/ccs/Debug/</path>
         <kind>archive</kind>
         <file>driverlib_eabi.lib</file>
         <name>sysctl.obj</name>
      </input_file>
      <input_file id="fl-1d">
         <path>/Applications/ti/ccs2020/ccs/tools/compiler/ti-cgt-c2000_22.6.2.LTS/lib/</path>
         <kind>archive</kind>
         <file>rts2800_fpu32_eabi.lib</file>
         <name>vla_alloc.c.obj</name>
      </input_file>
      <input_file id="fl-1e">
         <path>/Applications/ti/ccs2020/ccs/tools/compiler/ti-cgt-c2000_22.6.2.LTS/lib/</path>
         <kind>archive</kind>
         <file>rts2800_fpu32_eabi.lib</file>
         <name>c99_complex.c.obj</name>
      </input_file>
      <input_file id="fl-1f">
         <path>/Applications/ti/ccs2020/ccs/tools/compiler/ti-cgt-c2000_22.6.2.LTS/lib/</path>
         <kind>archive</kind>
         <file>rts2800_fpu32_eabi.lib</file>
         <name>s_cexpf.c.obj</name>
      </input_file>
      <input_file id="fl-20">
         <path>/Applications/ti/ccs2020/ccs/tools/compiler/ti-cgt-c2000_22.6.2.LTS/lib/</path>
         <kind>archive</kind>
         <file>rts2800_fpu32_eabi.lib</file>
         <name>w_cabsf.c.obj</name>
      </input_file>
      <input_file id="fl-21">
         <path>/Applications/ti/ccs2020/ccs/tools/compiler/ti-cgt-c2000_22.6.2.LTS/lib/</path>
         <kind>archive</kind>
         <file>rts2800_fpu32_eabi.lib</file>
         <name>e_hypotf.c.obj</name>
      </input_file>
      <input_file id="fl-22">
         <path>/Applications/ti/ccs2020/ccs/tools/compiler/ti-cgt-c2000_22.6.2.LTS/lib/</path>
         <kind>archive</kind>
         <file>rts2800_fpu32_eabi.lib</file>
         <name>boot28.asm.obj</name>
      </input_file>
      <input_file id="fl-23">
         <path>/Applications/ti/ccs2020/ccs/tools/compiler/ti-cgt-c2000_22.6.2.LTS/lib/</path>
         <kind>archive</kind>
         <file>rts2800_fpu32_eabi.lib</file>
         <name>fd_add28.asm.obj</name>
      </input_file>
      <input_file id="fl-24">
         <path>/Applications/ti/ccs2020/ccs/tools/compiler/ti-cgt-c2000_22.6.2.LTS/lib/</path>
         <kind>archive</kind>
         <file>rts2800_fpu32_eabi.lib</file>
         <name>fd_cmp28.asm.obj</name>
      </input_file>
      <input_file id="fl-25">
         <path>/Applications/ti/ccs2020/ccs/tools/compiler/ti-cgt-c2000_22.6.2.LTS/lib/</path>
         <kind>archive</kind>
         <file>rts2800_fpu32_eabi.lib</file>
         <name>fd_mpy28.asm.obj</name>
      </input_file>
      <input_file id="fl-26">
         <path>/Applications/ti/ccs2020/ccs/tools/compiler/ti-cgt-c2000_22.6.2.LTS/lib/</path>
         <kind>archive</kind>
         <file>rts2800_fpu32_eabi.lib</file>
         <name>fd_neg28.asm.obj</name>
      </input_file>
      <input_file id="fl-27">
         <path>/Applications/ti/ccs2020/ccs/tools/compiler/ti-cgt-c2000_22.6.2.LTS/lib/</path>
         <kind>archive</kind>
         <file>rts2800_fpu32_eabi.lib</file>
         <name>fd_sub28.asm.obj</name>
      </input_file>
      <input_file id="fl-28">
         <path>/Applications/ti/ccs2020/ccs/tools/compiler/ti-cgt-c2000_22.6.2.LTS/lib/</path>
         <kind>archive</kind>
         <file>rts2800_fpu32_eabi.lib</file>
         <name>fs_div28.asm.obj</name>
      </input_file>
      <input_file id="fl-29">
         <path>/Applications/ti/ccs2020/ccs/tools/compiler/ti-cgt-c2000_22.6.2.LTS/lib/</path>
         <kind>archive</kind>
         <file>rts2800_fpu32_eabi.lib</file>
         <name>ll_cmp28.asm.obj</name>
      </input_file>
      <input_file id="fl-2a">
         <path>/Applications/ti/ccs2020/ccs/tools/compiler/ti-cgt-c2000_22.6.2.LTS/lib/</path>
         <kind>archive</kind>
         <file>rts2800_fpu32_eabi.lib</file>
         <name>i_tofd28.asm.obj</name>
      </input_file>
      <input_file id="fl-2b">
         <path>/Applications/ti/ccs2020/ccs/tools/compiler/ti-cgt-c2000_22.6.2.LTS/lib/</path>
         <kind>archive</kind>
         <file>rts2800_fpu32_eabi.lib</file>
         <name>i_div28.asm.obj</name>
      </input_file>
      <input_file id="fl-2c">
         <path>/Applications/ti/ccs2020/ccs/tools/compiler/ti-cgt-c2000_22.6.2.LTS/lib/</path>
         <kind>archive</kind>
         <file>rts2800_fpu32_eabi.lib</file>
         <name>u_tofd28.asm.obj</name>
      </input_file>
      <input_file id="fl-2d">
         <path>/Applications/ti/ccs2020/ccs/tools/compiler/ti-cgt-c2000_22.6.2.LTS/lib/</path>
         <kind>archive</kind>
         <file>rts2800_fpu32_eabi.lib</file>
         <name>fs_tofdfpu32.asm.obj</name>
      </input_file>
      <input_file id="fl-2e">
         <path>/Applications/ti/ccs2020/ccs/tools/compiler/ti-cgt-c2000_22.6.2.LTS/lib/</path>
         <kind>archive</kind>
         <file>rts2800_fpu32_eabi.lib</file>
         <name>fd_tofsfpu32.asm.obj</name>
      </input_file>
      <input_file id="fl-2f">
         <path>/Applications/ti/ccs2020/ccs/tools/compiler/ti-cgt-c2000_22.6.2.LTS/lib/</path>
         <kind>archive</kind>
         <file>rts2800_fpu32_eabi.lib</file>
         <name>fd_div28.asm.obj</name>
      </input_file>
      <input_file id="fl-30">
         <path>/Applications/ti/ccs2020/ccs/tools/compiler/ti-cgt-c2000_22.6.2.LTS/lib/</path>
         <kind>archive</kind>
         <file>rts2800_fpu32_eabi.lib</file>
         <name>memcpy.c.obj</name>
      </input_file>
      <input_file id="fl-31">
         <path>/Applications/ti/ccs2020/ccs/tools/compiler/ti-cgt-c2000_22.6.2.LTS/lib/</path>
         <kind>archive</kind>
         <file>rts2800_fpu32_eabi.lib</file>
         <name>pre_init.c.obj</name>
      </input_file>
      <input_file id="fl-32">
         <path>/Applications/ti/ccs2020/ccs/tools/compiler/ti-cgt-c2000_22.6.2.LTS/lib/</path>
         <kind>archive</kind>
         <file>rts2800_fpu32_eabi.lib</file>
         <name>autoinit.c.obj</name>
      </input_file>
      <input_file id="fl-33">
         <path>/Applications/ti/ccs2020/ccs/tools/compiler/ti-cgt-c2000_22.6.2.LTS/lib/</path>
         <kind>archive</kind>
         <file>rts2800_fpu32_eabi.lib</file>
         <name>copy_zero_init.c.obj</name>
      </input_file>
      <input_file id="fl-34">
         <path>/Applications/ti/ccs2020/ccs/tools/compiler/ti-cgt-c2000_22.6.2.LTS/lib/</path>
         <kind>archive</kind>
         <file>rts2800_fpu32_eabi.lib</file>
         <name>copy_decompress_none.c.obj</name>
      </input_file>
      <input_file id="fl-35">
         <path>/Applications/ti/ccs2020/ccs/tools/compiler/ti-cgt-c2000_22.6.2.LTS/lib/</path>
         <kind>archive</kind>
         <file>rts2800_fpu32_eabi.lib</file>
         <name>copy_decompress_lzss.c.obj</name>
      </input_file>
      <input_file id="fl-36">
         <path>/Applications/ti/ccs2020/ccs/tools/compiler/ti-cgt-c2000_22.6.2.LTS/lib/</path>
         <kind>archive</kind>
         <file>rts2800_fpu32_eabi.lib</file>
         <name>exit.c.obj</name>
      </input_file>
      <input_file id="fl-37">
         <path>/Applications/ti/ccs2020/ccs/tools/compiler/ti-cgt-c2000_22.6.2.LTS/lib/</path>
         <kind>archive</kind>
         <file>rts2800_fpu32_eabi.lib</file>
         <name>_lock.c.obj</name>
      </input_file>
      <input_file id="fl-38">
         <path>/Applications/ti/ccs2020/ccs/tools/compiler/ti-cgt-c2000_22.6.2.LTS/lib/</path>
         <kind>archive</kind>
         <file>rts2800_fpu32_eabi.lib</file>
         <name>args_main.c.obj</name>
      </input_file>
      <input_file id="fl-39">
         <path>/Applications/ti/ccs2020/ccs/tools/compiler/ti-cgt-c2000_22.6.2.LTS/lib/</path>
         <kind>archive</kind>
         <file>rts2800_fpu32_eabi.lib</file>
         <name>memory.c.obj</name>
      </input_file>
      <input_file id="fl-3a">
         <path>/Applications/ti/ccs2020/ccs/tools/compiler/ti-cgt-c2000_22.6.2.LTS/lib/</path>
         <kind>archive</kind>
         <file>rts2800_fpu32_eabi.lib</file>
         <name>memset.c.obj</name>
      </input_file>
      <input_file id="fl-3b">
         <path>/Applications/ti/ccs2020/ccs/tools/compiler/ti-cgt-c2000_22.6.2.LTS/lib/</path>
         <kind>archive</kind>
         <file>rts2800_fpu32_eabi.lib</file>
         <name>error.c.obj</name>
      </input_file>
      <input_file id="fl-3c">
         <path>/Applications/ti/ccs2020/ccs/tools/compiler/ti-cgt-c2000_22.6.2.LTS/lib/</path>
         <kind>archive</kind>
         <file>rts2800_fpu32_eabi.lib</file>
         <name>e_expf.c.obj</name>
      </input_file>
      <input_file id="fl-3d">
         <path>/Applications/ti/ccs2020/ccs/tools/compiler/ti-cgt-c2000_22.6.2.LTS/lib/</path>
         <kind>archive</kind>
         <file>rts2800_fpu32_eabi.lib</file>
         <name>e_sqrtf.c.obj</name>
      </input_file>
      <input_file id="fl-3e">
         <path>/Applications/ti/ccs2020/ccs/tools/compiler/ti-cgt-c2000_22.6.2.LTS/lib/</path>
         <kind>archive</kind>
         <file>rts2800_fpu32_eabi.lib</file>
         <name>s_cosf.c.obj</name>
      </input_file>
      <input_file id="fl-3f">
         <path>/Applications/ti/ccs2020/ccs/tools/compiler/ti-cgt-c2000_22.6.2.LTS/lib/</path>
         <kind>archive</kind>
         <file>rts2800_fpu32_eabi.lib</file>
         <name>s_sinf.c.obj</name>
      </input_file>
      <input_file id="fl-40">
         <path>/Applications/ti/ccs2020/ccs/tools/compiler/ti-cgt-c2000_22.6.2.LTS/lib/</path>
         <kind>archive</kind>
         <file>rts2800_fpu32_eabi.lib</file>
         <name>k_expf.c.obj</name>
      </input_file>
      <input_file id="fl-41">
         <path>/Applications/ti/ccs2020/ccs/tools/compiler/ti-cgt-c2000_22.6.2.LTS/lib/</path>
         <kind>archive</kind>
         <file>rts2800_fpu32_eabi.lib</file>
         <name>cpy_tbl.c.obj</name>
      </input_file>
      <input_file id="fl-42">
         <path>/Applications/ti/ccs2020/ccs/tools/compiler/ti-cgt-c2000_22.6.2.LTS/lib/</path>
         <kind>archive</kind>
         <file>rts2800_fpu32_eabi.lib</file>
         <name>startup.c.obj</name>
      </input_file>
      <input_file id="fl-43">
         <path>/Applications/ti/ccs2020/ccs/tools/compiler/ti-cgt-c2000_22.6.2.LTS/lib/</path>
         <kind>archive</kind>
         <file>rts2800_fpu32_eabi.lib</file>
         <name>errno.c.obj</name>
      </input_file>
   </input_file_list>
   <object_component_list>
      <object_component id="oc-2d">
         <name>codestart</name>
         <load_address>0x0</load_address>
         <run_address>0x0</run_address>
         <size>0x2</size>
         <input_file_ref idref="fl-4"/>
      </object_component>
      <object_component id="oc-95">
         <name>.text</name>
         <load_address>0x8000</load_address>
         <run_address>0x8000</run_address>
         <size>0x5e4</size>
         <input_file_ref idref="fl-1e"/>
      </object_component>
      <object_component id="oc-fb">
         <name>.text:SysCtl_setClock</name>
         <load_address>0x85e4</load_address>
         <run_address>0x85e4</run_address>
         <size>0x209</size>
         <input_file_ref idref="fl-11"/>
      </object_component>
      <object_component id="oc-2ef">
         <name>.text:CPUTimer_clearOverflowFlag</name>
         <load_address>0x87ed</load_address>
         <run_address>0x87ed</run_address>
         <size>0x12</size>
         <input_file_ref idref="fl-11"/>
      </object_component>
      <object_component id="oc-2ba">
         <name>.text</name>
         <load_address>0x87ff</load_address>
         <run_address>0x87ff</run_address>
         <size>0x1</size>
         <input_file_ref idref="fl-42"/>
      </object_component>
      <object_component id="oc-7a">
         <name>.text</name>
         <load_address>0x8800</load_address>
         <run_address>0x8800</run_address>
         <size>0x3ff</size>
         <input_file_ref idref="fl-5"/>
      </object_component>
      <object_component id="oc-167">
         <name>.text</name>
         <load_address>0x8bff</load_address>
         <run_address>0x8bff</run_address>
         <size>0x298</size>
         <input_file_ref idref="fl-39"/>
      </object_component>
      <object_component id="oc-14a">
         <name>.text</name>
         <load_address>0x8e97</load_address>
         <run_address>0x8e97</run_address>
         <size>0x11c</size>
         <input_file_ref idref="fl-3c"/>
      </object_component>
      <object_component id="oc-1d0">
         <name>.text:SysCtl_selectOscSource</name>
         <load_address>0x8fb3</load_address>
         <run_address>0x8fb3</run_address>
         <size>0x48</size>
         <input_file_ref idref="fl-11"/>
      </object_component>
      <object_component id="oc-16d">
         <name>.text</name>
         <load_address>0x8ffb</load_address>
         <run_address>0x8ffb</run_address>
         <size>0x3</size>
         <input_file_ref idref="fl-3b"/>
      </object_component>
      <object_component id="oc-1b3">
         <name>.text</name>
         <load_address>0x8ffe</load_address>
         <run_address>0x8ffe</run_address>
         <size>0x2</size>
         <input_file_ref idref="fl-31"/>
      </object_component>
      <object_component id="oc-a1">
         <name>.text</name>
         <load_address>0x9000</load_address>
         <run_address>0x9000</run_address>
         <size>0x17f</size>
         <input_file_ref idref="fl-1d"/>
      </object_component>
      <object_component id="oc-13e">
         <name>.text</name>
         <load_address>0x917f</load_address>
         <run_address>0x917f</run_address>
         <size>0x9c</size>
         <input_file_ref idref="fl-23"/>
      </object_component>
      <object_component id="oc-27a">
         <name>.text:SysCtl_selectXTAL</name>
         <load_address>0x921b</load_address>
         <run_address>0x921b</run_address>
         <size>0x90</size>
         <input_file_ref idref="fl-11"/>
      </object_component>
      <object_component id="oc-8b">
         <name>.text</name>
         <load_address>0x92ab</load_address>
         <run_address>0x92ab</run_address>
         <size>0x8b</size>
         <input_file_ref idref="fl-2f"/>
      </object_component>
      <object_component id="oc-143">
         <name>.text</name>
         <load_address>0x9336</load_address>
         <run_address>0x9336</run_address>
         <size>0x88</size>
         <input_file_ref idref="fl-28"/>
      </object_component>
      <object_component id="oc-86">
         <name>.text</name>
         <load_address>0x93be</load_address>
         <run_address>0x93be</run_address>
         <size>0x83</size>
         <input_file_ref idref="fl-25"/>
      </object_component>
      <object_component id="oc-15c">
         <name>.text</name>
         <load_address>0x9441</load_address>
         <run_address>0x9441</run_address>
         <size>0x7b</size>
         <input_file_ref idref="fl-40"/>
      </object_component>
      <object_component id="oc-9b">
         <name>.text</name>
         <load_address>0x94bc</load_address>
         <run_address>0x94bc</run_address>
         <size>0x76</size>
         <input_file_ref idref="fl-1f"/>
      </object_component>
      <object_component id="oc-197">
         <name>.text:ADC_setINLTrim</name>
         <load_address>0x9532</load_address>
         <run_address>0x9532</run_address>
         <size>0x6f</size>
         <input_file_ref idref="fl-e"/>
      </object_component>
      <object_component id="oc-f5">
         <name>.text:SysCtl_getDeviceParametric</name>
         <load_address>0x95a1</load_address>
         <run_address>0x95a1</run_address>
         <size>0x68</size>
         <input_file_ref idref="fl-11"/>
      </object_component>
      <object_component id="oc-156">
         <name>.text</name>
         <load_address>0x9609</load_address>
         <run_address>0x9609</run_address>
         <size>0x66</size>
         <input_file_ref idref="fl-3f"/>
      </object_component>
      <object_component id="oc-150">
         <name>.text</name>
         <load_address>0x966f</load_address>
         <run_address>0x966f</run_address>
         <size>0x63</size>
         <input_file_ref idref="fl-3e"/>
      </object_component>
      <object_component id="oc-19d">
         <name>.text:ADC_setOffsetTrim</name>
         <load_address>0x96d2</load_address>
         <run_address>0x96d2</run_address>
         <size>0x60</size>
         <input_file_ref idref="fl-e"/>
      </object_component>
      <object_component id="oc-32">
         <name>.text:retain</name>
         <load_address>0x9732</load_address>
         <run_address>0x9732</run_address>
         <size>0x58</size>
         <input_file_ref idref="fl-3"/>
      </object_component>
      <object_component id="oc-101">
         <name>.text:SysCtl_getClock</name>
         <load_address>0x978a</load_address>
         <run_address>0x978a</run_address>
         <size>0x51</size>
         <input_file_ref idref="fl-11"/>
      </object_component>
      <object_component id="oc-90">
         <name>.text</name>
         <load_address>0x97db</load_address>
         <run_address>0x97db</run_address>
         <size>0x23</size>
         <input_file_ref idref="fl-2e"/>
      </object_component>
      <object_component id="oc-ac">
         <name>.text:Interrupt_initModule</name>
         <load_address>0x9800</load_address>
         <run_address>0x9800</run_address>
         <size>0x3d</size>
         <input_file_ref idref="fl-10"/>
      </object_component>
      <object_component id="oc-120">
         <name>.text:GPIO_setControllerCore</name>
         <load_address>0x983d</load_address>
         <run_address>0x983d</run_address>
         <size>0x37</size>
         <input_file_ref idref="fl-f"/>
      </object_component>
      <object_component id="oc-11a">
         <name>.text:GPIO_setPinConfig</name>
         <load_address>0x9874</load_address>
         <run_address>0x9874</run_address>
         <size>0x37</size>
         <input_file_ref idref="fl-f"/>
      </object_component>
      <object_component id="oc-114">
         <name>.text:GPIO_setQualificationMode</name>
         <load_address>0x98ab</load_address>
         <run_address>0x98ab</run_address>
         <size>0x37</size>
         <input_file_ref idref="fl-f"/>
      </object_component>
      <object_component id="oc-b2">
         <name>.text:Interrupt_enable</name>
         <load_address>0x98e2</load_address>
         <run_address>0x98e2</run_address>
         <size>0x37</size>
         <input_file_ref idref="fl-10"/>
      </object_component>
      <object_component id="oc-10e">
         <name>.text:GPIO_setDirectionMode</name>
         <load_address>0x9919</load_address>
         <run_address>0x9919</run_address>
         <size>0x31</size>
         <input_file_ref idref="fl-f"/>
      </object_component>
      <object_component id="oc-cb">
         <name>.text:ADC_setMode</name>
         <load_address>0x994a</load_address>
         <run_address>0x994a</run_address>
         <size>0x2f</size>
         <input_file_ref idref="fl-e"/>
      </object_component>
      <object_component id="oc-20">
         <name>.text:decompress:lzss</name>
         <load_address>0x9979</load_address>
         <run_address>0x9979</run_address>
         <size>0x2e</size>
         <input_file_ref idref="fl-35"/>
      </object_component>
      <object_component id="oc-23f">
         <name>.text:__TI_auto_init_nobinit_nopinit</name>
         <load_address>0x99a7</load_address>
         <run_address>0x99a7</run_address>
         <size>0x2b</size>
         <input_file_ref idref="fl-32"/>
      </object_component>
      <object_component id="oc-139">
         <name>.text</name>
         <load_address>0x99d2</load_address>
         <run_address>0x99d2</run_address>
         <size>0x2a</size>
         <input_file_ref idref="fl-24"/>
      </object_component>
      <object_component id="oc-1c0">
         <name>.text</name>
         <load_address>0x99fc</load_address>
         <run_address>0x99fc</run_address>
         <size>0x29</size>
         <input_file_ref idref="fl-36"/>
      </object_component>
      <object_component id="oc-2e9">
         <name>.text:CPUTimer_selectClockSource</name>
         <load_address>0x9a25</load_address>
         <run_address>0x9a25</run_address>
         <size>0x28</size>
         <input_file_ref idref="fl-11"/>
      </object_component>
      <object_component id="oc-229">
         <name>.text</name>
         <load_address>0x9a4e</load_address>
         <run_address>0x9a4e</run_address>
         <size>0x27</size>
         <input_file_ref idref="fl-3d"/>
      </object_component>
      <object_component id="oc-a7">
         <name>.text</name>
         <load_address>0x9a75</load_address>
         <run_address>0x9a75</run_address>
         <size>0x22</size>
         <input_file_ref idref="fl-2b"/>
      </object_component>
      <object_component id="oc-325">
         <name>.text:CPUTimer_getTimerOverflowStatus</name>
         <load_address>0x9a97</load_address>
         <run_address>0x9a97</run_address>
         <size>0x1f</size>
         <input_file_ref idref="fl-11"/>
      </object_component>
      <object_component id="oc-3f">
         <name>.text:Interrupt_initVectorTable</name>
         <load_address>0x9ab6</load_address>
         <run_address>0x9ab6</run_address>
         <size>0x1e</size>
         <input_file_ref idref="fl-10"/>
      </object_component>
      <object_component id="oc-80">
         <name>.text</name>
         <load_address>0x9ad4</load_address>
         <run_address>0x9ad4</run_address>
         <size>0x1d</size>
         <input_file_ref idref="fl-2a"/>
      </object_component>
      <object_component id="oc-59">
         <name>.text</name>
         <load_address>0x9af1</load_address>
         <run_address>0x9af1</run_address>
         <size>0x1d</size>
         <input_file_ref idref="fl-30"/>
      </object_component>
      <object_component id="oc-c6">
         <name>.text</name>
         <load_address>0x9b0e</load_address>
         <run_address>0x9b0e</run_address>
         <size>0x1c</size>
         <input_file_ref idref="fl-2d"/>
      </object_component>
      <object_component id="oc-190">
         <name>.text:ADC_isBaseValid</name>
         <load_address>0x9b2a</load_address>
         <run_address>0x9b2a</run_address>
         <size>0x1b</size>
         <input_file_ref idref="fl-e"/>
      </object_component>
      <object_component id="oc-2f5">
         <name>.text:CPUTimer_startTimer</name>
         <load_address>0x9b45</load_address>
         <run_address>0x9b45</run_address>
         <size>0x1a</size>
         <input_file_ref idref="fl-11"/>
      </object_component>
      <object_component id="oc-108">
         <name>.text:SysCtl_getLowSpeedClock</name>
         <load_address>0x9b5f</load_address>
         <run_address>0x9b5f</run_address>
         <size>0x1a</size>
         <input_file_ref idref="fl-11"/>
      </object_component>
      <object_component id="oc-319">
         <name>.text:CPUTimer_isBaseValid</name>
         <load_address>0x9b79</load_address>
         <run_address>0x9b79</run_address>
         <size>0x17</size>
         <input_file_ref idref="fl-11"/>
      </object_component>
      <object_component id="oc-eb">
         <name>.text</name>
         <load_address>0x9b90</load_address>
         <run_address>0x9b90</run_address>
         <size>0x17</size>
         <input_file_ref idref="fl-22"/>
      </object_component>
      <object_component id="oc-b8">
         <name>.text</name>
         <load_address>0x9ba7</load_address>
         <run_address>0x9ba7</run_address>
         <size>0x17</size>
         <input_file_ref idref="fl-2c"/>
      </object_component>
      <object_component id="oc-3e">
         <name>.text:Interrupt_defaultHandler</name>
         <load_address>0x9bbe</load_address>
         <run_address>0x9bbe</run_address>
         <size>0x16</size>
         <input_file_ref idref="fl-10"/>
      </object_component>
      <object_component id="oc-2dd">
         <name>.text:CPUTimer_stopTimer</name>
         <load_address>0x9bd4</load_address>
         <run_address>0x9bd4</run_address>
         <size>0x14</size>
         <input_file_ref idref="fl-11"/>
      </object_component>
      <object_component id="oc-2d7">
         <name>.text:CPUTimer_disableInterrupt</name>
         <load_address>0x9be8</load_address>
         <run_address>0x9be8</run_address>
         <size>0x12</size>
         <input_file_ref idref="fl-11"/>
      </object_component>
      <object_component id="oc-2e3">
         <name>.text:CPUTimer_setPeriod</name>
         <load_address>0x9bfa</load_address>
         <run_address>0x9bfa</run_address>
         <size>0x11</size>
         <input_file_ref idref="fl-11"/>
      </object_component>
      <object_component id="oc-2fb">
         <name>.text:SysCtl_pollCpuTimer</name>
         <load_address>0x9c0b</load_address>
         <run_address>0x9c0b</run_address>
         <size>0xf</size>
         <input_file_ref idref="fl-11"/>
      </object_component>
      <object_component id="oc-1df">
         <name>.text:GPIO_isPinValid</name>
         <load_address>0x9c1a</load_address>
         <run_address>0x9c1a</run_address>
         <size>0xe</size>
         <input_file_ref idref="fl-f"/>
      </object_component>
      <object_component id="oc-12f">
         <name>.text</name>
         <load_address>0x9c28</load_address>
         <run_address>0x9c28</run_address>
         <size>0xe</size>
         <input_file_ref idref="fl-27"/>
      </object_component>
      <object_component id="oc-176">
         <name>.text:Interrupt_disableGlobal</name>
         <load_address>0x9c36</load_address>
         <run_address>0x9c36</run_address>
         <size>0xd</size>
         <input_file_ref idref="fl-10"/>
      </object_component>
      <object_component id="oc-17d">
         <name>.text:Interrupt_enableGlobal</name>
         <load_address>0x9c43</load_address>
         <run_address>0x9c43</run_address>
         <size>0xd</size>
         <input_file_ref idref="fl-10"/>
      </object_component>
      <object_component id="oc-61">
         <name>.text:decompress:ZI:__TI_zero_init_nomemset</name>
         <load_address>0x9c50</load_address>
         <run_address>0x9c50</run_address>
         <size>0xd</size>
         <input_file_ref idref="fl-33"/>
      </object_component>
      <object_component id="oc-1ba">
         <name>.text</name>
         <load_address>0x9c5d</load_address>
         <run_address>0x9c5d</run_address>
         <size>0xc</size>
         <input_file_ref idref="fl-38"/>
      </object_component>
      <object_component id="oc-1ca">
         <name>.text:SysCtl_isMCDClockFailureDetected</name>
         <load_address>0x9c69</load_address>
         <run_address>0x9c69</run_address>
         <size>0xb</size>
         <input_file_ref idref="fl-11"/>
      </object_component>
      <object_component id="oc-4a">
         <name>.text:Interrupt_illegalOperationHandler</name>
         <load_address>0x9c74</load_address>
         <run_address>0x9c74</run_address>
         <size>0xa</size>
         <input_file_ref idref="fl-10"/>
      </object_component>
      <object_component id="oc-50">
         <name>.text:Interrupt_nmiHandler</name>
         <load_address>0x9c7e</load_address>
         <run_address>0x9c7e</run_address>
         <size>0xa</size>
         <input_file_ref idref="fl-10"/>
      </object_component>
      <object_component id="oc-29f">
         <name>.text</name>
         <load_address>0x9c88</load_address>
         <run_address>0x9c88</run_address>
         <size>0x9</size>
         <input_file_ref idref="fl-37"/>
      </object_component>
      <object_component id="oc-134">
         <name>.text</name>
         <load_address>0x9c91</load_address>
         <run_address>0x9c91</run_address>
         <size>0x9</size>
         <input_file_ref idref="fl-26"/>
      </object_component>
      <object_component id="oc-6d">
         <name>.text</name>
         <load_address>0x9c9a</load_address>
         <run_address>0x9c9a</run_address>
         <size>0x8</size>
         <input_file_ref idref="fl-4"/>
      </object_component>
      <object_component id="oc-26">
         <name>.text:decompress:none</name>
         <load_address>0x9ca2</load_address>
         <run_address>0x9ca2</run_address>
         <size>0x8</size>
         <input_file_ref idref="fl-34"/>
      </object_component>
      <object_component id="oc-301">
         <name>.text:SysCtl_resetMCD</name>
         <load_address>0x9caa</load_address>
         <run_address>0x9caa</run_address>
         <size>0x7</size>
         <input_file_ref idref="fl-11"/>
      </object_component>
      <object_component id="oc-e4">
         <name>.text</name>
         <load_address>0x9cb1</load_address>
         <run_address>0x9cb1</run_address>
         <size>0x7</size>
         <input_file_ref idref="fl-3a"/>
      </object_component>
      <object_component id="oc-c0">
         <name>.text</name>
         <load_address>0x9cb8</load_address>
         <run_address>0x9cb8</run_address>
         <size>0x3</size>
         <input_file_ref idref="fl-20"/>
      </object_component>
      <object_component id="oc-33">
         <name>.text</name>
         <load_address>0xb000</load_address>
         <run_address>0xb000</run_address>
         <size>0x70d</size>
         <input_file_ref idref="fl-3"/>
      </object_component>
      <object_component id="oc-187">
         <name>.text</name>
         <load_address>0xb70d</load_address>
         <run_address>0xb70d</run_address>
         <size>0xea</size>
         <input_file_ref idref="fl-21"/>
      </object_component>
      <object_component id="oc-1d6">
         <name>.text:SysCtl_serviceWatchdog</name>
         <load_address>0xb7f7</load_address>
         <run_address>0xb7f7</run_address>
         <size>0x9</size>
         <input_file_ref idref="fl-11"/>
      </object_component>
      <object_component id="oc-369">
         <name>.cinit..data.load</name>
         <load_address>0x128</load_address>
         <run_address>0x128</run_address>
         <size>0xf</size>
      </object_component>
      <object_component id="oc-366">
         <name>__TI_handler_table</name>
         <load_address>0x138</load_address>
         <run_address>0x138</run_address>
         <size>0x6</size>
      </object_component>
      <object_component id="oc-368">
         <name>.cinit..bss.load</name>
         <load_address>0x13e</load_address>
         <run_address>0x13e</run_address>
         <size>0x4</size>
      </object_component>
      <object_component id="oc-367">
         <name>__TI_cinit_table</name>
         <load_address>0x142</load_address>
         <run_address>0x142</run_address>
         <size>0x8</size>
      </object_component>
      <object_component id="oc-56">
         <name>.stack</name>
         <uninitialized>true</uninitialized>
         <run_address>0x400</run_address>
         <size>0x0</size>
         <input_file_ref idref="fl-22"/>
      </object_component>
      <object_component id="oc-36a">
         <name>.stack</name>
         <uninitialized>true</uninitialized>
         <run_address>0x400</run_address>
         <size>0x0</size>
      </object_component>
      <object_component id="oc-76">
         <name>.bss</name>
         <uninitialized>true</uninitialized>
         <run_address>0xafa8</run_address>
         <size>0x2</size>
         <input_file_ref idref="fl-3"/>
      </object_component>
      <object_component id="oc-73">
         <name>.bss:adcAResults</name>
         <uninitialized>true</uninitialized>
         <run_address>0xaea8</run_address>
         <size>0x100</size>
         <input_file_ref idref="fl-3"/>
      </object_component>
      <object_component id="oc-211">
         <name>.bss</name>
         <uninitialized>true</uninitialized>
         <run_address>0xafaa</run_address>
         <size>0x2</size>
         <input_file_ref idref="fl-39"/>
      </object_component>
      <object_component id="oc-1c9">
         <name>.const:.string</name>
         <load_address>0xac00</load_address>
         <run_address>0xac00</run_address>
         <size>0xc2</size>
         <input_file_ref idref="fl-11"/>
      </object_component>
      <object_component id="oc-1e5">
         <name>.const:.string</name>
         <load_address>0xacc2</load_address>
         <run_address>0xacc2</run_address>
         <size>0xbc</size>
         <input_file_ref idref="fl-f"/>
      </object_component>
      <object_component id="oc-79">
         <name>.const:.string</name>
         <load_address>0xad7e</load_address>
         <run_address>0xad7e</run_address>
         <size>0xa4</size>
         <input_file_ref idref="fl-3"/>
      </object_component>
      <object_component id="oc-196">
         <name>.const:.string</name>
         <load_address>0xae22</load_address>
         <run_address>0xae22</run_address>
         <size>0x5d</size>
         <input_file_ref idref="fl-e"/>
      </object_component>
      <object_component id="oc-107">
         <name>.const:.string</name>
         <load_address>0xae80</load_address>
         <run_address>0xae80</run_address>
         <size>0x13</size>
         <input_file_ref idref="fl-5"/>
      </object_component>
      <object_component id="oc-85">
         <name>.const</name>
         <load_address>0xae94</load_address>
         <run_address>0xae94</run_address>
         <size>0x8</size>
         <input_file_ref idref="fl-3"/>
      </object_component>
      <object_component id="oc-1f8">
         <name>.const:halF</name>
         <load_address>0xae9c</load_address>
         <run_address>0xae9c</run_address>
         <size>0x4</size>
         <input_file_ref idref="fl-3c"/>
      </object_component>
      <object_component id="oc-1fe">
         <name>.const:ln2HI</name>
         <load_address>0xaea0</load_address>
         <run_address>0xaea0</run_address>
         <size>0x4</size>
         <input_file_ref idref="fl-3c"/>
      </object_component>
      <object_component id="oc-1fb">
         <name>.const:ln2LO</name>
         <load_address>0xaea4</load_address>
         <run_address>0xaea4</run_address>
         <size>0x4</size>
         <input_file_ref idref="fl-3c"/>
      </object_component>
      <object_component id="oc-bd">
         <name>.data</name>
         <load_address>0xafac</load_address>
         <run_address>0xafac</run_address>
         <size>0x14</size>
         <input_file_ref idref="fl-3"/>
      </object_component>
      <object_component id="oc-126">
         <name>.data</name>
         <load_address>0xafc0</load_address>
         <run_address>0xafc0</run_address>
         <size>0x6</size>
         <input_file_ref idref="fl-5"/>
      </object_component>
      <object_component id="oc-164">
         <name>.data</name>
         <load_address>0xafd0</load_address>
         <run_address>0xafd0</run_address>
         <size>0x2</size>
         <input_file_ref idref="fl-1d"/>
      </object_component>
      <object_component id="oc-271">
         <name>.data</name>
         <load_address>0xafc6</load_address>
         <run_address>0xafc6</run_address>
         <size>0x6</size>
         <input_file_ref idref="fl-36"/>
      </object_component>
      <object_component id="oc-217">
         <name>.data:_lock</name>
         <load_address>0xafcc</load_address>
         <run_address>0xafcc</run_address>
         <size>0x2</size>
         <input_file_ref idref="fl-37"/>
      </object_component>
      <object_component id="oc-21a">
         <name>.data:_unlock</name>
         <load_address>0xafce</load_address>
         <run_address>0xafce</run_address>
         <size>0x2</size>
         <input_file_ref idref="fl-37"/>
      </object_component>
      <object_component id="oc-21d">
         <name>.data</name>
         <load_address>0xafd3</load_address>
         <run_address>0xafd3</run_address>
         <size>0x1</size>
         <input_file_ref idref="fl-39"/>
      </object_component>
      <object_component id="oc-201">
         <name>.data</name>
         <load_address>0xafd2</load_address>
         <run_address>0xafd2</run_address>
         <size>0x1</size>
         <input_file_ref idref="fl-43"/>
      </object_component>
      <object_component id="oc-214">
         <name>.sysmem</name>
         <uninitialized>true</uninitialized>
         <run_address>0xa800</run_address>
         <size>0x4</size>
         <input_file_ref idref="fl-39"/>
      </object_component>
      <object_component id="oc-36b">
         <name>.sysmem</name>
         <uninitialized>true</uninitialized>
         <run_address>0xa800</run_address>
         <size>0x0</size>
      </object_component>
      <object_component id="oc-d1">
         <name>.TI.ramfunc</name>
         <load_address>0x123</load_address>
         <run_address>0x123</run_address>
         <size>0x4</size>
         <input_file_ref idref="fl-11"/>
      </object_component>
      <object_component id="oc-d3">
         <name>.debug_types</name>
         <load_address>0x0</load_address>
         <run_address>0x0</run_address>
         <size>0x1aee</size>
         <input_file_ref idref="fl-3"/>
      </object_component>
      <object_component id="oc-12a">
         <name>.debug_types</name>
         <load_address>0x1aee</load_address>
         <run_address>0x1aee</run_address>
         <size>0x103d</size>
         <input_file_ref idref="fl-5"/>
      </object_component>
      <object_component id="oc-1a4">
         <name>.debug_types</name>
         <load_address>0x2b2b</load_address>
         <run_address>0x2b2b</run_address>
         <size>0x12c</size>
         <input_file_ref idref="fl-e"/>
      </object_component>
      <object_component id="oc-1e7">
         <name>.debug_types</name>
         <load_address>0x2c57</load_address>
         <run_address>0x2c57</run_address>
         <size>0x2c4</size>
         <input_file_ref idref="fl-f"/>
      </object_component>
      <object_component id="oc-d6">
         <name>.debug_types</name>
         <load_address>0x0</load_address>
         <run_address>0x0</run_address>
         <size>0x0</size>
         <input_file_ref idref="fl-10"/>
      </object_component>
      <object_component id="oc-1c8">
         <name>.debug_types</name>
         <load_address>0x2f1b</load_address>
         <run_address>0x2f1b</run_address>
         <size>0x254</size>
         <input_file_ref idref="fl-11"/>
      </object_component>
      <object_component id="oc-174">
         <name>.debug_types</name>
         <load_address>0x316f</load_address>
         <run_address>0x316f</run_address>
         <size>0x717</size>
         <input_file_ref idref="fl-1d"/>
      </object_component>
      <object_component id="oc-149">
         <name>.debug_types</name>
         <load_address>0x3886</load_address>
         <run_address>0x3886</run_address>
         <size>0x4d3</size>
         <input_file_ref idref="fl-1e"/>
      </object_component>
      <object_component id="oc-163">
         <name>.debug_types</name>
         <load_address>0x3d59</load_address>
         <run_address>0x3d59</run_address>
         <size>0x493</size>
         <input_file_ref idref="fl-1f"/>
      </object_component>
      <object_component id="oc-18e">
         <name>.debug_types</name>
         <load_address>0x0</load_address>
         <run_address>0x0</run_address>
         <size>0x0</size>
         <input_file_ref idref="fl-20"/>
      </object_component>
      <object_component id="oc-230">
         <name>.debug_types</name>
         <load_address>0x0</load_address>
         <run_address>0x0</run_address>
         <size>0x0</size>
         <input_file_ref idref="fl-21"/>
      </object_component>
      <object_component id="oc-de">
         <name>.debug_types</name>
         <load_address>0x41ec</load_address>
         <run_address>0x41ec</run_address>
         <size>0xe3</size>
         <input_file_ref idref="fl-30"/>
      </object_component>
      <object_component id="oc-23e">
         <name>.debug_types</name>
         <load_address>0x0</load_address>
         <run_address>0x0</run_address>
         <size>0x0</size>
         <input_file_ref idref="fl-31"/>
      </object_component>
      <object_component id="oc-2c1">
         <name>.debug_types</name>
         <load_address>0x42cf</load_address>
         <run_address>0x42cf</run_address>
         <size>0x441</size>
         <input_file_ref idref="fl-32"/>
      </object_component>
      <object_component id="oc-e3">
         <name>.debug_types</name>
         <load_address>0x4710</load_address>
         <run_address>0x4710</run_address>
         <size>0x194</size>
         <input_file_ref idref="fl-33"/>
      </object_component>
      <object_component id="oc-60">
         <name>.debug_types</name>
         <load_address>0x0</load_address>
         <run_address>0x0</run_address>
         <size>0x0</size>
         <input_file_ref idref="fl-34"/>
      </object_component>
      <object_component id="oc-58">
         <name>.debug_types</name>
         <load_address>0x48a4</load_address>
         <run_address>0x48a4</run_address>
         <size>0x191</size>
         <input_file_ref idref="fl-35"/>
      </object_component>
      <object_component id="oc-275">
         <name>.debug_types</name>
         <load_address>0x4a35</load_address>
         <run_address>0x4a35</run_address>
         <size>0xbf</size>
         <input_file_ref idref="fl-36"/>
      </object_component>
      <object_component id="oc-2a7">
         <name>.debug_types</name>
         <load_address>0x4af4</load_address>
         <run_address>0x4af4</run_address>
         <size>0x2f</size>
         <input_file_ref idref="fl-37"/>
      </object_component>
      <object_component id="oc-270">
         <name>.debug_types</name>
         <load_address>0x4b23</load_address>
         <run_address>0x4b23</run_address>
         <size>0xe1</size>
         <input_file_ref idref="fl-38"/>
      </object_component>
      <object_component id="oc-221">
         <name>.debug_types</name>
         <load_address>0x4c04</load_address>
         <run_address>0x4c04</run_address>
         <size>0x2ad</size>
         <input_file_ref idref="fl-39"/>
      </object_component>
      <object_component id="oc-1b2">
         <name>.debug_types</name>
         <load_address>0x0</load_address>
         <run_address>0x0</run_address>
         <size>0x0</size>
         <input_file_ref idref="fl-3a"/>
      </object_component>
      <object_component id="oc-223">
         <name>.debug_types</name>
         <load_address>0x0</load_address>
         <run_address>0x0</run_address>
         <size>0x0</size>
         <input_file_ref idref="fl-3b"/>
      </object_component>
      <object_component id="oc-205">
         <name>.debug_types</name>
         <load_address>0x4eb1</load_address>
         <run_address>0x4eb1</run_address>
         <size>0x32</size>
         <input_file_ref idref="fl-3c"/>
      </object_component>
      <object_component id="oc-2b3">
         <name>.debug_types</name>
         <load_address>0x0</load_address>
         <run_address>0x0</run_address>
         <size>0x0</size>
         <input_file_ref idref="fl-3d"/>
      </object_component>
      <object_component id="oc-207">
         <name>.debug_types</name>
         <load_address>0x0</load_address>
         <run_address>0x0</run_address>
         <size>0x0</size>
         <input_file_ref idref="fl-3e"/>
      </object_component>
      <object_component id="oc-209">
         <name>.debug_types</name>
         <load_address>0x0</load_address>
         <run_address>0x0</run_address>
         <size>0x0</size>
         <input_file_ref idref="fl-3f"/>
      </object_component>
      <object_component id="oc-20b">
         <name>.debug_types</name>
         <load_address>0x4ee3</load_address>
         <run_address>0x4ee3</run_address>
         <size>0x5a</size>
         <input_file_ref idref="fl-40"/>
      </object_component>
      <object_component id="oc-313">
         <name>.debug_types</name>
         <load_address>0x0</load_address>
         <run_address>0x0</run_address>
         <size>0x0</size>
         <input_file_ref idref="fl-42"/>
      </object_component>
      <object_component id="oc-28e">
         <name>.debug_types</name>
         <load_address>0x0</load_address>
         <run_address>0x0</run_address>
         <size>0x0</size>
         <input_file_ref idref="fl-43"/>
      </object_component>
      <object_component id="oc-77">
         <name>.debug_info</name>
         <load_address>0x0</load_address>
         <run_address>0x0</run_address>
         <size>0x12b</size>
         <input_file_ref idref="fl-3"/>
      </object_component>
      <object_component id="oc-be">
         <name>.debug_info</name>
         <load_address>0x12b</load_address>
         <run_address>0x12b</run_address>
         <size>0x161</size>
         <input_file_ref idref="fl-3"/>
      </object_component>
      <object_component id="oc-74">
         <name>.debug_info</name>
         <load_address>0x28c</load_address>
         <run_address>0x28c</run_address>
         <size>0x10f</size>
         <input_file_ref idref="fl-3"/>
      </object_component>
      <object_component id="oc-34">
         <name>.debug_info</name>
         <load_address>0x39b</load_address>
         <run_address>0x39b</run_address>
         <size>0x24f1</size>
         <input_file_ref idref="fl-3"/>
      </object_component>
      <object_component id="oc-39">
         <name>.debug_info</name>
         <load_address>0x288c</load_address>
         <run_address>0x288c</run_address>
         <size>0x1db</size>
         <input_file_ref idref="fl-3"/>
      </object_component>
      <object_component id="oc-2e">
         <name>.debug_info</name>
         <load_address>0x2a67</load_address>
         <run_address>0x2a67</run_address>
         <size>0x135</size>
         <input_file_ref idref="fl-4"/>
      </object_component>
      <object_component id="oc-6e">
         <name>.debug_info</name>
         <load_address>0x2b9c</load_address>
         <run_address>0x2b9c</run_address>
         <size>0x136</size>
         <input_file_ref idref="fl-4"/>
      </object_component>
      <object_component id="oc-127">
         <name>.debug_info</name>
         <load_address>0x2cd2</load_address>
         <run_address>0x2cd2</run_address>
         <size>0x180</size>
         <input_file_ref idref="fl-5"/>
      </object_component>
      <object_component id="oc-7b">
         <name>.debug_info</name>
         <load_address>0x2e52</load_address>
         <run_address>0x2e52</run_address>
         <size>0x1d77</size>
         <input_file_ref idref="fl-5"/>
      </object_component>
      <object_component id="oc-191">
         <name>.debug_info</name>
         <load_address>0x4bc9</load_address>
         <run_address>0x4bc9</run_address>
         <size>0x207</size>
         <input_file_ref idref="fl-e"/>
      </object_component>
      <object_component id="oc-cc">
         <name>.debug_info</name>
         <load_address>0x4dd0</load_address>
         <run_address>0x4dd0</run_address>
         <size>0x2bc</size>
         <input_file_ref idref="fl-e"/>
      </object_component>
      <object_component id="oc-198">
         <name>.debug_info</name>
         <load_address>0x508c</load_address>
         <run_address>0x508c</run_address>
         <size>0x24a</size>
         <input_file_ref idref="fl-e"/>
      </object_component>
      <object_component id="oc-19e">
         <name>.debug_info</name>
         <load_address>0x52d6</load_address>
         <run_address>0x52d6</run_address>
         <size>0x288</size>
         <input_file_ref idref="fl-e"/>
      </object_component>
      <object_component id="oc-1e0">
         <name>.debug_info</name>
         <load_address>0x555e</load_address>
         <run_address>0x555e</run_address>
         <size>0x205</size>
         <input_file_ref idref="fl-f"/>
      </object_component>
      <object_component id="oc-10f">
         <name>.debug_info</name>
         <load_address>0x5763</load_address>
         <run_address>0x5763</run_address>
         <size>0x27d</size>
         <input_file_ref idref="fl-f"/>
      </object_component>
      <object_component id="oc-115">
         <name>.debug_info</name>
         <load_address>0x59e0</load_address>
         <run_address>0x59e0</run_address>
         <size>0x2ae</size>
         <input_file_ref idref="fl-f"/>
      </object_component>
      <object_component id="oc-121">
         <name>.debug_info</name>
         <load_address>0x5c8e</load_address>
         <run_address>0x5c8e</run_address>
         <size>0x296</size>
         <input_file_ref idref="fl-f"/>
      </object_component>
      <object_component id="oc-11b">
         <name>.debug_info</name>
         <load_address>0x5f24</load_address>
         <run_address>0x5f24</run_address>
         <size>0x24f</size>
         <input_file_ref idref="fl-f"/>
      </object_component>
      <object_component id="oc-17e">
         <name>.debug_info</name>
         <load_address>0x6173</load_address>
         <run_address>0x6173</run_address>
         <size>0x1fe</size>
         <input_file_ref idref="fl-10"/>
      </object_component>
      <object_component id="oc-177">
         <name>.debug_info</name>
         <load_address>0x6371</load_address>
         <run_address>0x6371</run_address>
         <size>0x200</size>
         <input_file_ref idref="fl-10"/>
      </object_component>
      <object_component id="oc-ad">
         <name>.debug_info</name>
         <load_address>0x6571</load_address>
         <run_address>0x6571</run_address>
         <size>0x20f</size>
         <input_file_ref idref="fl-10"/>
      </object_component>
      <object_component id="oc-45">
         <name>.debug_info</name>
         <load_address>0x6780</load_address>
         <run_address>0x6780</run_address>
         <size>0x21c</size>
         <input_file_ref idref="fl-10"/>
      </object_component>
      <object_component id="oc-4b">
         <name>.debug_info</name>
         <load_address>0x699c</load_address>
         <run_address>0x699c</run_address>
         <size>0x202</size>
         <input_file_ref idref="fl-10"/>
      </object_component>
      <object_component id="oc-51">
         <name>.debug_info</name>
         <load_address>0x6b9e</load_address>
         <run_address>0x6b9e</run_address>
         <size>0x1e8</size>
         <input_file_ref idref="fl-10"/>
      </object_component>
      <object_component id="oc-40">
         <name>.debug_info</name>
         <load_address>0x6d86</load_address>
         <run_address>0x6d86</run_address>
         <size>0x20c</size>
         <input_file_ref idref="fl-10"/>
      </object_component>
      <object_component id="oc-b3">
         <name>.debug_info</name>
         <load_address>0x6f92</load_address>
         <run_address>0x6f92</run_address>
         <size>0x2b3</size>
         <input_file_ref idref="fl-10"/>
      </object_component>
      <object_component id="oc-1d7">
         <name>.debug_info</name>
         <load_address>0x7245</load_address>
         <run_address>0x7245</run_address>
         <size>0x1f2</size>
         <input_file_ref idref="fl-11"/>
      </object_component>
      <object_component id="oc-1cb">
         <name>.debug_info</name>
         <load_address>0x7437</load_address>
         <run_address>0x7437</run_address>
         <size>0x20e</size>
         <input_file_ref idref="fl-11"/>
      </object_component>
      <object_component id="oc-302">
         <name>.debug_info</name>
         <load_address>0x7645</load_address>
         <run_address>0x7645</run_address>
         <size>0x1e4</size>
         <input_file_ref idref="fl-11"/>
      </object_component>
      <object_component id="oc-31a">
         <name>.debug_info</name>
         <load_address>0x7829</load_address>
         <run_address>0x7829</run_address>
         <size>0x217</size>
         <input_file_ref idref="fl-11"/>
      </object_component>
      <object_component id="oc-2f0">
         <name>.debug_info</name>
         <load_address>0x7a40</load_address>
         <run_address>0x7a40</run_address>
         <size>0x244</size>
         <input_file_ref idref="fl-11"/>
      </object_component>
      <object_component id="oc-2d8">
         <name>.debug_info</name>
         <load_address>0x7c84</load_address>
         <run_address>0x7c84</run_address>
         <size>0x242</size>
         <input_file_ref idref="fl-11"/>
      </object_component>
      <object_component id="oc-2de">
         <name>.debug_info</name>
         <load_address>0x7ec6</load_address>
         <run_address>0x7ec6</run_address>
         <size>0x24a</size>
         <input_file_ref idref="fl-11"/>
      </object_component>
      <object_component id="oc-2f6">
         <name>.debug_info</name>
         <load_address>0x8110</load_address>
         <run_address>0x8110</run_address>
         <size>0x24d</size>
         <input_file_ref idref="fl-11"/>
      </object_component>
      <object_component id="oc-2e4">
         <name>.debug_info</name>
         <load_address>0x835d</load_address>
         <run_address>0x835d</run_address>
         <size>0x24e</size>
         <input_file_ref idref="fl-11"/>
      </object_component>
      <object_component id="oc-326">
         <name>.debug_info</name>
         <load_address>0x85ab</load_address>
         <run_address>0x85ab</run_address>
         <size>0x258</size>
         <input_file_ref idref="fl-11"/>
      </object_component>
      <object_component id="oc-2ea">
         <name>.debug_info</name>
         <load_address>0x8803</load_address>
         <run_address>0x8803</run_address>
         <size>0x27c</size>
         <input_file_ref idref="fl-11"/>
      </object_component>
      <object_component id="oc-2fc">
         <name>.debug_info</name>
         <load_address>0x8a7f</load_address>
         <run_address>0x8a7f</run_address>
         <size>0x241</size>
         <input_file_ref idref="fl-11"/>
      </object_component>
      <object_component id="oc-102">
         <name>.debug_info</name>
         <load_address>0x8cc0</load_address>
         <run_address>0x8cc0</run_address>
         <size>0x277</size>
         <input_file_ref idref="fl-11"/>
      </object_component>
      <object_component id="oc-fc">
         <name>.debug_info</name>
         <load_address>0x8f37</load_address>
         <run_address>0x8f37</run_address>
         <size>0x519</size>
         <input_file_ref idref="fl-11"/>
      </object_component>
      <object_component id="oc-27b">
         <name>.debug_info</name>
         <load_address>0x9450</load_address>
         <run_address>0x9450</run_address>
         <size>0x3ba</size>
         <input_file_ref idref="fl-11"/>
      </object_component>
      <object_component id="oc-1d1">
         <name>.debug_info</name>
         <load_address>0x980a</load_address>
         <run_address>0x980a</run_address>
         <size>0x243</size>
         <input_file_ref idref="fl-11"/>
      </object_component>
      <object_component id="oc-109">
         <name>.debug_info</name>
         <load_address>0x9a4d</load_address>
         <run_address>0x9a4d</run_address>
         <size>0x251</size>
         <input_file_ref idref="fl-11"/>
      </object_component>
      <object_component id="oc-f6">
         <name>.debug_info</name>
         <load_address>0x9c9e</load_address>
         <run_address>0x9c9e</run_address>
         <size>0x241</size>
         <input_file_ref idref="fl-11"/>
      </object_component>
      <object_component id="oc-165">
         <name>.debug_info</name>
         <load_address>0x9edf</load_address>
         <run_address>0x9edf</run_address>
         <size>0x111</size>
         <input_file_ref idref="fl-1d"/>
      </object_component>
      <object_component id="oc-a2">
         <name>.debug_info</name>
         <load_address>0x9ff0</load_address>
         <run_address>0x9ff0</run_address>
         <size>0x495</size>
         <input_file_ref idref="fl-1d"/>
      </object_component>
      <object_component id="oc-96">
         <name>.debug_info</name>
         <load_address>0xa485</load_address>
         <run_address>0xa485</run_address>
         <size>0x212f</size>
         <input_file_ref idref="fl-1e"/>
      </object_component>
      <object_component id="oc-9c">
         <name>.debug_info</name>
         <load_address>0xc5b4</load_address>
         <run_address>0xc5b4</run_address>
         <size>0x21c</size>
         <input_file_ref idref="fl-1f"/>
      </object_component>
      <object_component id="oc-c4">
         <name>.debug_info</name>
         <load_address>0xc7d0</load_address>
         <run_address>0xc7d0</run_address>
         <size>0x145</size>
         <input_file_ref idref="fl-20"/>
      </object_component>
      <object_component id="oc-188">
         <name>.debug_info</name>
         <load_address>0xc915</load_address>
         <run_address>0xc915</run_address>
         <size>0x1e0</size>
         <input_file_ref idref="fl-21"/>
      </object_component>
      <object_component id="oc-ee">
         <name>.debug_info</name>
         <load_address>0xcaf5</load_address>
         <run_address>0xcaf5</run_address>
         <size>0x14e</size>
         <input_file_ref idref="fl-22"/>
      </object_component>
      <object_component id="oc-13f">
         <name>.debug_info</name>
         <load_address>0xcc43</load_address>
         <run_address>0xcc43</run_address>
         <size>0x11d</size>
         <input_file_ref idref="fl-23"/>
      </object_component>
      <object_component id="oc-13a">
         <name>.debug_info</name>
         <load_address>0xcd60</load_address>
         <run_address>0xcd60</run_address>
         <size>0x127</size>
         <input_file_ref idref="fl-24"/>
      </object_component>
      <object_component id="oc-87">
         <name>.debug_info</name>
         <load_address>0xce87</load_address>
         <run_address>0xce87</run_address>
         <size>0x11d</size>
         <input_file_ref idref="fl-25"/>
      </object_component>
      <object_component id="oc-135">
         <name>.debug_info</name>
         <load_address>0xcfa4</load_address>
         <run_address>0xcfa4</run_address>
         <size>0x11d</size>
         <input_file_ref idref="fl-26"/>
      </object_component>
      <object_component id="oc-132">
         <name>.debug_info</name>
         <load_address>0xd0c1</load_address>
         <run_address>0xd0c1</run_address>
         <size>0x131</size>
         <input_file_ref idref="fl-27"/>
      </object_component>
      <object_component id="oc-144">
         <name>.debug_info</name>
         <load_address>0xd1f2</load_address>
         <run_address>0xd1f2</run_address>
         <size>0x11d</size>
         <input_file_ref idref="fl-28"/>
      </object_component>
      <object_component id="oc-81">
         <name>.debug_info</name>
         <load_address>0xd30f</load_address>
         <run_address>0xd30f</run_address>
         <size>0x121</size>
         <input_file_ref idref="fl-2a"/>
      </object_component>
      <object_component id="oc-a8">
         <name>.debug_info</name>
         <load_address>0xd430</load_address>
         <run_address>0xd430</run_address>
         <size>0x159</size>
         <input_file_ref idref="fl-2b"/>
      </object_component>
      <object_component id="oc-b9">
         <name>.debug_info</name>
         <load_address>0xd589</load_address>
         <run_address>0xd589</run_address>
         <size>0x121</size>
         <input_file_ref idref="fl-2c"/>
      </object_component>
      <object_component id="oc-c7">
         <name>.debug_info</name>
         <load_address>0xd6aa</load_address>
         <run_address>0xd6aa</run_address>
         <size>0x121</size>
         <input_file_ref idref="fl-2d"/>
      </object_component>
      <object_component id="oc-91">
         <name>.debug_info</name>
         <load_address>0xd7cb</load_address>
         <run_address>0xd7cb</run_address>
         <size>0x121</size>
         <input_file_ref idref="fl-2e"/>
      </object_component>
      <object_component id="oc-8c">
         <name>.debug_info</name>
         <load_address>0xd8ec</load_address>
         <run_address>0xd8ec</run_address>
         <size>0x11d</size>
         <input_file_ref idref="fl-2f"/>
      </object_component>
      <object_component id="oc-5a">
         <name>.debug_info</name>
         <load_address>0xda09</load_address>
         <run_address>0xda09</run_address>
         <size>0x191</size>
         <input_file_ref idref="fl-30"/>
      </object_component>
      <object_component id="oc-1b4">
         <name>.debug_info</name>
         <load_address>0xdb9a</load_address>
         <run_address>0xdb9a</run_address>
         <size>0x143</size>
         <input_file_ref idref="fl-31"/>
      </object_component>
      <object_component id="oc-240">
         <name>.debug_info</name>
         <load_address>0xdcdd</load_address>
         <run_address>0xdcdd</run_address>
         <size>0x1b5</size>
         <input_file_ref idref="fl-32"/>
      </object_component>
      <object_component id="oc-62">
         <name>.debug_info</name>
         <load_address>0xde92</load_address>
         <run_address>0xde92</run_address>
         <size>0x1ac</size>
         <input_file_ref idref="fl-33"/>
      </object_component>
      <object_component id="oc-27">
         <name>.debug_info</name>
         <load_address>0xe03e</load_address>
         <run_address>0xe03e</run_address>
         <size>0x1ad</size>
         <input_file_ref idref="fl-34"/>
      </object_component>
      <object_component id="oc-21">
         <name>.debug_info</name>
         <load_address>0xe1eb</load_address>
         <run_address>0xe1eb</run_address>
         <size>0x202</size>
         <input_file_ref idref="fl-35"/>
      </object_component>
      <object_component id="oc-272">
         <name>.debug_info</name>
         <load_address>0xe3ed</load_address>
         <run_address>0xe3ed</run_address>
         <size>0x194</size>
         <input_file_ref idref="fl-36"/>
      </object_component>
      <object_component id="oc-1c1">
         <name>.debug_info</name>
         <load_address>0xe581</load_address>
         <run_address>0xe581</run_address>
         <size>0x19f</size>
         <input_file_ref idref="fl-36"/>
      </object_component>
      <object_component id="oc-218">
         <name>.debug_info</name>
         <load_address>0xe720</load_address>
         <run_address>0xe720</run_address>
         <size>0xfd</size>
         <input_file_ref idref="fl-37"/>
      </object_component>
      <object_component id="oc-21b">
         <name>.debug_info</name>
         <load_address>0xe81d</load_address>
         <run_address>0xe81d</run_address>
         <size>0x101</size>
         <input_file_ref idref="fl-37"/>
      </object_component>
      <object_component id="oc-2a0">
         <name>.debug_info</name>
         <load_address>0xe91e</load_address>
         <run_address>0xe91e</run_address>
         <size>0x1f9</size>
         <input_file_ref idref="fl-37"/>
      </object_component>
      <object_component id="oc-1bb">
         <name>.debug_info</name>
         <load_address>0xeb17</load_address>
         <run_address>0xeb17</run_address>
         <size>0x153</size>
         <input_file_ref idref="fl-38"/>
      </object_component>
      <object_component id="oc-21e">
         <name>.debug_info</name>
         <load_address>0xec6a</load_address>
         <run_address>0xec6a</run_address>
         <size>0x11e</size>
         <input_file_ref idref="fl-39"/>
      </object_component>
      <object_component id="oc-212">
         <name>.debug_info</name>
         <load_address>0xed88</load_address>
         <run_address>0xed88</run_address>
         <size>0x104</size>
         <input_file_ref idref="fl-39"/>
      </object_component>
      <object_component id="oc-215">
         <name>.debug_info</name>
         <load_address>0xee8c</load_address>
         <run_address>0xee8c</run_address>
         <size>0x10a</size>
         <input_file_ref idref="fl-39"/>
      </object_component>
      <object_component id="oc-168">
         <name>.debug_info</name>
         <load_address>0xef96</load_address>
         <run_address>0xef96</run_address>
         <size>0x95c</size>
         <input_file_ref idref="fl-39"/>
      </object_component>
      <object_component id="oc-e5">
         <name>.debug_info</name>
         <load_address>0xf8f2</load_address>
         <run_address>0xf8f2</run_address>
         <size>0x1f4</size>
         <input_file_ref idref="fl-3a"/>
      </object_component>
      <object_component id="oc-16e">
         <name>.debug_info</name>
         <load_address>0xfae6</load_address>
         <run_address>0xfae6</run_address>
         <size>0x14e</size>
         <input_file_ref idref="fl-3b"/>
      </object_component>
      <object_component id="oc-1f9">
         <name>.debug_info</name>
         <load_address>0xfc34</load_address>
         <run_address>0xfc34</run_address>
         <size>0xfc</size>
         <input_file_ref idref="fl-3c"/>
      </object_component>
      <object_component id="oc-1ff">
         <name>.debug_info</name>
         <load_address>0xfd30</load_address>
         <run_address>0xfd30</run_address>
         <size>0xfe</size>
         <input_file_ref idref="fl-3c"/>
      </object_component>
      <object_component id="oc-1fc">
         <name>.debug_info</name>
         <load_address>0xfe2e</load_address>
         <run_address>0xfe2e</run_address>
         <size>0xfe</size>
         <input_file_ref idref="fl-3c"/>
      </object_component>
      <object_component id="oc-14b">
         <name>.debug_info</name>
         <load_address>0xff2c</load_address>
         <run_address>0xff2c</run_address>
         <size>0x217</size>
         <input_file_ref idref="fl-3c"/>
      </object_component>
      <object_component id="oc-22d">
         <name>.debug_info</name>
         <load_address>0x10143</load_address>
         <run_address>0x10143</run_address>
         <size>0x156</size>
         <input_file_ref idref="fl-3d"/>
      </object_component>
      <object_component id="oc-151">
         <name>.debug_info</name>
         <load_address>0x10299</load_address>
         <run_address>0x10299</run_address>
         <size>0x165</size>
         <input_file_ref idref="fl-3e"/>
      </object_component>
      <object_component id="oc-159">
         <name>.debug_info</name>
         <load_address>0x103fe</load_address>
         <run_address>0x103fe</run_address>
         <size>0x175</size>
         <input_file_ref idref="fl-3f"/>
      </object_component>
      <object_component id="oc-15d">
         <name>.debug_info</name>
         <load_address>0x10573</load_address>
         <run_address>0x10573</run_address>
         <size>0x339</size>
         <input_file_ref idref="fl-40"/>
      </object_component>
      <object_component id="oc-2bb">
         <name>.debug_info</name>
         <load_address>0x108ac</load_address>
         <run_address>0x108ac</run_address>
         <size>0x13d</size>
         <input_file_ref idref="fl-42"/>
      </object_component>
      <object_component id="oc-202">
         <name>.debug_info</name>
         <load_address>0x109e9</load_address>
         <run_address>0x109e9</run_address>
         <size>0xfc</size>
         <input_file_ref idref="fl-43"/>
      </object_component>
      <object_component id="oc-371">
         <name>.debug_info</name>
         <load_address>0x10ae5</load_address>
         <run_address>0x10ae5</run_address>
         <size>0xd5</size>
      </object_component>
      <object_component id="oc-f4">
         <name>.debug_line</name>
         <load_address>0x0</load_address>
         <run_address>0x0</run_address>
         <size>0x2e</size>
         <input_file_ref idref="fl-3"/>
      </object_component>
      <object_component id="oc-186">
         <name>.debug_line</name>
         <load_address>0x2e</load_address>
         <run_address>0x2e</run_address>
         <size>0x2e</size>
         <input_file_ref idref="fl-3"/>
      </object_component>
      <object_component id="oc-f2">
         <name>.debug_line</name>
         <load_address>0x5c</load_address>
         <run_address>0x5c</run_address>
         <size>0x2e</size>
         <input_file_ref idref="fl-3"/>
      </object_component>
      <object_component id="oc-37">
         <name>.debug_line</name>
         <load_address>0x8a</load_address>
         <run_address>0x8a</run_address>
         <size>0x5c3</size>
         <input_file_ref idref="fl-3"/>
      </object_component>
      <object_component id="oc-3c">
         <name>.debug_line</name>
         <load_address>0x64d</load_address>
         <run_address>0x64d</run_address>
         <size>0x54</size>
         <input_file_ref idref="fl-3"/>
      </object_component>
      <object_component id="oc-1a6">
         <name>.debug_line</name>
         <load_address>0x6a1</load_address>
         <run_address>0x6a1</run_address>
         <size>0x18f</size>
         <input_file_ref idref="fl-3"/>
      </object_component>
      <object_component id="oc-31">
         <name>.debug_line</name>
         <load_address>0x830</load_address>
         <run_address>0x830</run_address>
         <size>0x55</size>
         <input_file_ref idref="fl-4"/>
      </object_component>
      <object_component id="oc-71">
         <name>.debug_line</name>
         <load_address>0x885</load_address>
         <run_address>0x885</run_address>
         <size>0x5d</size>
         <input_file_ref idref="fl-4"/>
      </object_component>
      <object_component id="oc-1ec">
         <name>.debug_line</name>
         <load_address>0x8e2</load_address>
         <run_address>0x8e2</run_address>
         <size>0x37</size>
         <input_file_ref idref="fl-5"/>
      </object_component>
      <object_component id="oc-7e">
         <name>.debug_line</name>
         <load_address>0x919</load_address>
         <run_address>0x919</run_address>
         <size>0x425</size>
         <input_file_ref idref="fl-5"/>
      </object_component>
      <object_component id="oc-1ee">
         <name>.debug_line</name>
         <load_address>0xd3e</load_address>
         <run_address>0xd3e</run_address>
         <size>0xcd</size>
         <input_file_ref idref="fl-5"/>
      </object_component>
      <object_component id="oc-194">
         <name>.debug_line</name>
         <load_address>0xe0b</load_address>
         <run_address>0xe0b</run_address>
         <size>0x97</size>
         <input_file_ref idref="fl-e"/>
      </object_component>
      <object_component id="oc-cf">
         <name>.debug_line</name>
         <load_address>0xea2</load_address>
         <run_address>0xea2</run_address>
         <size>0xa3</size>
         <input_file_ref idref="fl-e"/>
      </object_component>
      <object_component id="oc-19b">
         <name>.debug_line</name>
         <load_address>0xf45</load_address>
         <run_address>0xf45</run_address>
         <size>0xe2</size>
         <input_file_ref idref="fl-e"/>
      </object_component>
      <object_component id="oc-1a1">
         <name>.debug_line</name>
         <load_address>0x1027</load_address>
         <run_address>0x1027</run_address>
         <size>0xc3</size>
         <input_file_ref idref="fl-e"/>
      </object_component>
      <object_component id="oc-238">
         <name>.debug_line</name>
         <load_address>0x10ea</load_address>
         <run_address>0x10ea</run_address>
         <size>0xe3</size>
         <input_file_ref idref="fl-e"/>
      </object_component>
      <object_component id="oc-1e3">
         <name>.debug_line</name>
         <load_address>0x11cd</load_address>
         <run_address>0x11cd</run_address>
         <size>0x98</size>
         <input_file_ref idref="fl-f"/>
      </object_component>
      <object_component id="oc-112">
         <name>.debug_line</name>
         <load_address>0x1265</load_address>
         <run_address>0x1265</run_address>
         <size>0xa2</size>
         <input_file_ref idref="fl-f"/>
      </object_component>
      <object_component id="oc-118">
         <name>.debug_line</name>
         <load_address>0x1307</load_address>
         <run_address>0x1307</run_address>
         <size>0x9f</size>
         <input_file_ref idref="fl-f"/>
      </object_component>
      <object_component id="oc-124">
         <name>.debug_line</name>
         <load_address>0x13a6</load_address>
         <run_address>0x13a6</run_address>
         <size>0x9f</size>
         <input_file_ref idref="fl-f"/>
      </object_component>
      <object_component id="oc-11e">
         <name>.debug_line</name>
         <load_address>0x1445</load_address>
         <run_address>0x1445</run_address>
         <size>0x9f</size>
         <input_file_ref idref="fl-f"/>
      </object_component>
      <object_component id="oc-284">
         <name>.debug_line</name>
         <load_address>0x14e4</load_address>
         <run_address>0x14e4</run_address>
         <size>0xe4</size>
         <input_file_ref idref="fl-f"/>
      </object_component>
      <object_component id="oc-181">
         <name>.debug_line</name>
         <load_address>0x15c8</load_address>
         <run_address>0x15c8</run_address>
         <size>0x9d</size>
         <input_file_ref idref="fl-10"/>
      </object_component>
      <object_component id="oc-17a">
         <name>.debug_line</name>
         <load_address>0x1665</load_address>
         <run_address>0x1665</run_address>
         <size>0x9d</size>
         <input_file_ref idref="fl-10"/>
      </object_component>
      <object_component id="oc-b0">
         <name>.debug_line</name>
         <load_address>0x1702</load_address>
         <run_address>0x1702</run_address>
         <size>0xb8</size>
         <input_file_ref idref="fl-10"/>
      </object_component>
      <object_component id="oc-48">
         <name>.debug_line</name>
         <load_address>0x17ba</load_address>
         <run_address>0x17ba</run_address>
         <size>0xa3</size>
         <input_file_ref idref="fl-10"/>
      </object_component>
      <object_component id="oc-4e">
         <name>.debug_line</name>
         <load_address>0x185d</load_address>
         <run_address>0x185d</run_address>
         <size>0x9b</size>
         <input_file_ref idref="fl-10"/>
      </object_component>
      <object_component id="oc-54">
         <name>.debug_line</name>
         <load_address>0x18f8</load_address>
         <run_address>0x18f8</run_address>
         <size>0x9b</size>
         <input_file_ref idref="fl-10"/>
      </object_component>
      <object_component id="oc-43">
         <name>.debug_line</name>
         <load_address>0x1993</load_address>
         <run_address>0x1993</run_address>
         <size>0xb1</size>
         <input_file_ref idref="fl-10"/>
      </object_component>
      <object_component id="oc-b6">
         <name>.debug_line</name>
         <load_address>0x1a44</load_address>
         <run_address>0x1a44</run_address>
         <size>0xb1</size>
         <input_file_ref idref="fl-10"/>
      </object_component>
      <object_component id="oc-1a9">
         <name>.debug_line</name>
         <load_address>0x1af5</load_address>
         <run_address>0x1af5</run_address>
         <size>0x21</size>
         <input_file_ref idref="fl-10"/>
      </object_component>
      <object_component id="oc-1da">
         <name>.debug_line</name>
         <load_address>0x1b16</load_address>
         <run_address>0x1b16</run_address>
         <size>0x9d</size>
         <input_file_ref idref="fl-11"/>
      </object_component>
      <object_component id="oc-1ce">
         <name>.debug_line</name>
         <load_address>0x1bb3</load_address>
         <run_address>0x1bb3</run_address>
         <size>0x9a</size>
         <input_file_ref idref="fl-11"/>
      </object_component>
      <object_component id="oc-305">
         <name>.debug_line</name>
         <load_address>0x1c4d</load_address>
         <run_address>0x1c4d</run_address>
         <size>0x9c</size>
         <input_file_ref idref="fl-11"/>
      </object_component>
      <object_component id="oc-31d">
         <name>.debug_line</name>
         <load_address>0x1ce9</load_address>
         <run_address>0x1ce9</run_address>
         <size>0x9c</size>
         <input_file_ref idref="fl-11"/>
      </object_component>
      <object_component id="oc-2f3">
         <name>.debug_line</name>
         <load_address>0x1d85</load_address>
         <run_address>0x1d85</run_address>
         <size>0x9d</size>
         <input_file_ref idref="fl-11"/>
      </object_component>
      <object_component id="oc-2db">
         <name>.debug_line</name>
         <load_address>0x1e22</load_address>
         <run_address>0x1e22</run_address>
         <size>0x9d</size>
         <input_file_ref idref="fl-11"/>
      </object_component>
      <object_component id="oc-2e1">
         <name>.debug_line</name>
         <load_address>0x1ebf</load_address>
         <run_address>0x1ebf</run_address>
         <size>0xa1</size>
         <input_file_ref idref="fl-11"/>
      </object_component>
      <object_component id="oc-2f9">
         <name>.debug_line</name>
         <load_address>0x1f60</load_address>
         <run_address>0x1f60</run_address>
         <size>0xa2</size>
         <input_file_ref idref="fl-11"/>
      </object_component>
      <object_component id="oc-2e7">
         <name>.debug_line</name>
         <load_address>0x2002</load_address>
[...]
         <name>ADC_setOffsetTrim</name>
         <value>0x96d2</value>
         <object_component_ref idref="oc-19d"/>
      </symbol>
      <symbol id="sm-161">
         <name>ADC_setMode</name>
         <value>0x994a</value>
         <object_component_ref idref="oc-cb"/>
      </symbol>
      <symbol id="sm-162">
         <name>ADC_setINLTrim</name>
         <value>0x9532</value>
         <object_component_ref idref="oc-197"/>
      </symbol>
      <symbol id="sm-196">
         <name>GPIO_setQualificationMode</name>
         <value>0x98ab</value>
         <object_component_ref idref="oc-114"/>
      </symbol>
      <symbol id="sm-197">
         <name>GPIO_setDirectionMode</name>
         <value>0x9919</value>
         <object_component_ref idref="oc-10e"/>
      </symbol>
      <symbol id="sm-198">
         <name>GPIO_setPinConfig</name>
         <value>0x9874</value>
         <object_component_ref idref="oc-11a"/>
      </symbol>
      <symbol id="sm-199">
         <name>GPIO_setControllerCore</name>
         <value>0x983d</value>
         <object_component_ref idref="oc-120"/>
      </symbol>
      <symbol id="sm-1e8">
         <name>Interrupt_defaultHandler</name>
         <value>0x9bbe</value>
         <object_component_ref idref="oc-3e"/>
      </symbol>
      <symbol id="sm-1e9">
         <name>Interrupt_initModule</name>
         <value>0x9800</value>
         <object_component_ref idref="oc-ac"/>
      </symbol>
      <symbol id="sm-1ea">
         <name>Interrupt_nmiHandler</name>
         <value>0x9c7e</value>
         <object_component_ref idref="oc-50"/>
      </symbol>
      <symbol id="sm-1eb">
         <name>Interrupt_enable</name>
         <value>0x98e2</value>
         <object_component_ref idref="oc-b2"/>
      </symbol>
      <symbol id="sm-1ec">
         <name>Interrupt_initVectorTable</name>
         <value>0x9ab6</value>
         <object_component_ref idref="oc-3f"/>
      </symbol>
      <symbol id="sm-1ed">
         <name>Interrupt_illegalOperationHandler</name>
         <value>0x9c74</value>
         <object_component_ref idref="oc-4a"/>
      </symbol>
      <symbol id="sm-2c6">
         <name>SysCtl_delay</name>
         <value>0x123</value>
         <object_component_ref idref="oc-d1"/>
      </symbol>
      <symbol id="sm-2c7">
         <name>SysCtl_getDeviceParametric</name>
         <value>0x95a1</value>
         <object_component_ref idref="oc-f5"/>
      </symbol>
      <symbol id="sm-2c8">
         <name>SysCtl_selectXTAL</name>
         <value>0x921b</value>
         <object_component_ref idref="oc-27a"/>
      </symbol>
      <symbol id="sm-2c9">
         <name>SysCtl_selectOscSource</name>
         <value>0x8fb3</value>
         <object_component_ref idref="oc-1d0"/>
      </symbol>
      <symbol id="sm-2ca">
         <name>SysCtl_getLowSpeedClock</name>
         <value>0x9b5f</value>
         <object_component_ref idref="oc-108"/>
      </symbol>
      <symbol id="sm-2cb">
         <name>SysCtl_setClock</name>
         <value>0x85e4</value>
         <object_component_ref idref="oc-fb"/>
      </symbol>
      <symbol id="sm-2cc">
         <name>SysCtl_getClock</name>
         <value>0x978a</value>
         <object_component_ref idref="oc-101"/>
      </symbol>
      <symbol id="sm-302">
         <name>__vla_dealloc</name>
         <value>0x9000</value>
         <object_component_ref idref="oc-a1"/>
      </symbol>
      <symbol id="sm-303">
         <name>__vla_dealloc_eh</name>
         <value>0x904a</value>
         <object_component_ref idref="oc-a1"/>
      </symbol>
      <symbol id="sm-304">
         <name>__vla_alloc</name>
         <value>0x909b</value>
         <object_component_ref idref="oc-a1"/>
      </symbol>
      <symbol id="sm-32f">
         <name>__c99_complex_double_conj</name>
         <value>0x8486</value>
         <object_component_ref idref="oc-95"/>
      </symbol>
      <symbol id="sm-330">
         <name>__c99_complex_double_divide</name>
         <value>0x83ea</value>
         <object_component_ref idref="oc-95"/>
      </symbol>
      <symbol id="sm-331">
         <name>__c99_complex_long_double_eq</name>
         <value>0x8143</value>
         <object_component_ref idref="oc-95"/>
      </symbol>
      <symbol id="sm-332">
         <name>__c99_complex_float_negate</name>
         <value>0x8263</value>
         <object_component_ref idref="oc-95"/>
      </symbol>
      <symbol id="sm-333">
         <name>__c99_clong_double_to_ilong_double</name>
         <value>0x84ed</value>
         <object_component_ref idref="oc-95"/>
      </symbol>
      <symbol id="sm-334">
         <name>__c99_cdouble_to_idouble</name>
         <value>0x8582</value>
         <object_component_ref idref="oc-95"/>
      </symbol>
      <symbol id="sm-335">
         <name>__c99_cfloat_to_cdouble</name>
         <value>0x8561</value>
         <object_component_ref idref="oc-95"/>
      </symbol>
      <symbol id="sm-336">
         <name>__c99_cdouble_to_clong_double</name>
         <value>0x85a8</value>
         <object_component_ref idref="oc-95"/>
      </symbol>
      <symbol id="sm-337">
         <name>__c99_complex_float_multiply</name>
         <value>0x8275</value>
         <object_component_ref idref="oc-95"/>
      </symbol>
      <symbol id="sm-338">
         <name>__c99_float_to_cfloat</name>
         <value>0x8042</value>
         <object_component_ref idref="oc-95"/>
      </symbol>
      <symbol id="sm-339">
         <name>__c99_complex_double_multiply</name>
         <value>0x835b</value>
         <object_component_ref idref="oc-95"/>
      </symbol>
      <symbol id="sm-33a">
         <name>__c99_complex_float_divide</name>
         <value>0x828f</value>
         <object_component_ref idref="oc-95"/>
      </symbol>
      <symbol id="sm-33b">
         <name>__c99_ilong_double_to_clong_double</name>
         <value>0x8014</value>
         <object_component_ref idref="oc-95"/>
      </symbol>
      <symbol id="sm-33c">
         <name>__c99_complex_double_negate</name>
         <value>0x830a</value>
         <object_component_ref idref="oc-95"/>
      </symbol>
      <symbol id="sm-33d">
         <name>__c99_clong_double_to_cdouble</name>
         <value>0x851e</value>
         <object_component_ref idref="oc-95"/>
      </symbol>
      <symbol id="sm-33e">
         <name>__c99_complex_long_double_subtract</name>
         <value>0x8058</value>
         <object_component_ref idref="oc-95"/>
      </symbol>
      <symbol id="sm-33f">
         <name>__c99_complex_long_double_divide</name>
         <value>0x816e</value>
         <object_component_ref idref="oc-95"/>
      </symbol>
      <symbol id="sm-340">
         <name>__c99_long_double_to_clong_double</name>
         <value>0x8000</value>
         <object_component_ref idref="oc-95"/>
      </symbol>
      <symbol id="sm-341">
         <name>__c99_clong_double_to_long_double</name>
         <value>0x84da</value>
         <object_component_ref idref="oc-95"/>
      </symbol>
      <symbol id="sm-342">
         <name>__c99_complex_float_add</name>
         <value>0x82cf</value>
         <object_component_ref idref="oc-95"/>
      </symbol>
      <symbol id="sm-343">
         <name>__c99_cfloat_to_float</name>
         <value>0x853f</value>
         <object_component_ref idref="oc-95"/>
      </symbol>
      <symbol id="sm-344">
         <name>__c99_complex_double_ne</name>
         <value>0x8330</value>
         <object_component_ref idref="oc-95"/>
      </symbol>
      <symbol id="sm-345">
         <name>__c99_clong_double_to_cfloat</name>
         <value>0x8500</value>
         <object_component_ref idref="oc-95"/>
      </symbol>
      <symbol id="sm-346">
         <name>__c99_cdouble_to_cfloat</name>
         <value>0x85c6</value>
         <object_component_ref idref="oc-95"/>
      </symbol>
      <symbol id="sm-347">
         <name>__c99_ifloat_to_cfloat</name>
         <value>0x8028</value>
         <object_component_ref idref="oc-95"/>
      </symbol>
      <symbol id="sm-348">
         <name>__c99_complex_double_subtract</name>
         <value>0x82d4</value>
         <object_component_ref idref="oc-95"/>
      </symbol>
      <symbol id="sm-349">
         <name>__c99_cfloat_to_ifloat</name>
         <value>0x853c</value>
         <object_component_ref idref="oc-95"/>
      </symbol>
      <symbol id="sm-34a">
         <name>__c99_complex_float_ne</name>
         <value>0x8268</value>
         <object_component_ref idref="oc-95"/>
      </symbol>
      <symbol id="sm-34b">
         <name>__c99_complex_long_double_multiply</name>
         <value>0x80df</value>
         <object_component_ref idref="oc-95"/>
      </symbol>
      <symbol id="sm-34c">
         <name>__c99_double_to_cdouble</name>
         <value>0x8044</value>
         <object_component_ref idref="oc-95"/>
      </symbol>
      <symbol id="sm-34d">
         <name>__c99_complex_long_double_add</name>
         <value>0x8228</value>
         <object_component_ref idref="oc-95"/>
      </symbol>
      <symbol id="sm-34e">
         <name>__c99_complex_float_subtract</name>
         <value>0x825e</value>
         <object_component_ref idref="oc-95"/>
      </symbol>
      <symbol id="sm-34f">
         <name>__c99_complex_double_eq</name>
         <value>0x83bf</value>
         <object_component_ref idref="oc-95"/>
      </symbol>
      <symbol id="sm-350">
         <name>__c99_cdouble_to_double</name>
         <value>0x8595</value>
         <object_component_ref idref="oc-95"/>
      </symbol>
      <symbol id="sm-351">
         <name>__c99_complex_long_double_negate</name>
         <value>0x808e</value>
         <object_component_ref idref="oc-95"/>
      </symbol>
      <symbol id="sm-352">
         <name>__c99_complex_float_eq</name>
         <value>0x8282</value>
         <object_component_ref idref="oc-95"/>
      </symbol>
      <symbol id="sm-353">
         <name>__c99_idouble_to_cdouble</name>
         <value>0x802e</value>
         <object_component_ref idref="oc-95"/>
      </symbol>
      <symbol id="sm-354">
         <name>__c99_cfloat_to_clong_double</name>
         <value>0x8540</value>
         <object_component_ref idref="oc-95"/>
      </symbol>
      <symbol id="sm-355">
         <name>__c99_complex_double_add</name>
         <value>0x84a4</value>
         <object_component_ref idref="oc-95"/>
      </symbol>
      <symbol id="sm-356">
         <name>__c99_complex_float_conj</name>
         <value>0x82cc</value>
         <object_component_ref idref="oc-95"/>
      </symbol>
      <symbol id="sm-357">
         <name>__c99_complex_long_double_ne</name>
         <value>0x80b4</value>
         <object_component_ref idref="oc-95"/>
      </symbol>
      <symbol id="sm-358">
         <name>__c99_complex_long_double_conj</name>
         <value>0x820a</value>
         <object_component_ref idref="oc-95"/>
      </symbol>
      <symbol id="sm-36e">
         <name>cexpf</name>
         <value>0x94bc</value>
         <object_component_ref idref="oc-9b"/>
      </symbol>
      <symbol id="sm-37b">
         <name>cabsf</name>
         <value>0x9cb8</value>
         <object_component_ref idref="oc-c0"/>
      </symbol>
      <symbol id="sm-395">
         <name>hypotf</name>
         <value>0xb70d</value>
         <object_component_ref idref="oc-187"/>
      </symbol>
      <symbol id="sm-39f">
         <name>_c_int00</name>
         <value>0x9b90</value>
         <object_component_ref idref="oc-eb"/>
      </symbol>
      <symbol id="sm-3a0">
         <name>__stack</name>
         <value>0x400</value>
         <object_component_ref idref="oc-56"/>
      </symbol>
      <symbol id="sm-3b7">
         <name>__c28xabi_addd</name>
         <value>0x917f</value>
         <object_component_ref idref="oc-13e"/>
      </symbol>
      <symbol id="sm-3c3">
         <name>__c28xabi_cmpd</name>
         <value>0x99d2</value>
         <object_component_ref idref="oc-139"/>
      </symbol>
      <symbol id="sm-3d1">
         <name>__c28xabi_mpyd</name>
         <value>0x93be</value>
         <object_component_ref idref="oc-86"/>
      </symbol>
      <symbol id="sm-3da">
         <name>__c28xabi_negd</name>
         <value>0x9c91</value>
         <object_component_ref idref="oc-134"/>
      </symbol>
      <symbol id="sm-3e2">
         <name>__c28xabi_subd</name>
         <value>0x9c28</value>
         <object_component_ref idref="oc-12f"/>
      </symbol>
      <symbol id="sm-3ef">
         <name>__c28xabi_divf</name>
         <value>0x9336</value>
         <object_component_ref idref="oc-143"/>
      </symbol>
      <symbol id="sm-3fc">
         <name>__c28xabi_itod</name>
         <value>0x9ad4</value>
         <object_component_ref idref="oc-80"/>
      </symbol>
      <symbol id="sm-406">
         <name>__c28xabi_modi</name>
         <value>0x9a86</value>
         <object_component_ref idref="oc-a7"/>
      </symbol>
      <symbol id="sm-407">
         <name>__c28xabi_divi</name>
         <value>0x9a75</value>
         <object_component_ref idref="oc-a7"/>
      </symbol>
      <symbol id="sm-414">
         <name>__c28xabi_utod</name>
         <value>0x9ba7</value>
         <object_component_ref idref="oc-b8"/>
      </symbol>
      <symbol id="sm-420">
         <name>__c28xabi_ftod</name>
         <value>0x9b0e</value>
         <object_component_ref idref="oc-c6"/>
      </symbol>
      <symbol id="sm-42c">
         <name>__c28xabi_dtof</name>
         <value>0x97db</value>
         <object_component_ref idref="oc-90"/>
      </symbol>
      <symbol id="sm-43f">
         <name>__c28xabi_divd</name>
         <value>0x92ab</value>
         <object_component_ref idref="oc-8b"/>
      </symbol>
      <symbol id="sm-451">
         <name>memcpy</name>
         <value>0x9af1</value>
         <object_component_ref idref="oc-59"/>
      </symbol>
      <symbol id="sm-45e">
         <name>_system_pre_init</name>
         <value>0x8ffe</value>
         <object_component_ref idref="oc-1b3"/>
      </symbol>
      <symbol id="sm-46d">
         <name>__TI_auto_init_nobinit_nopinit</name>
         <value>0x99a7</value>
         <object_component_ref idref="oc-23f"/>
      </symbol>
      <symbol id="sm-47c">
         <name>__TI_zero_init_nomemset</name>
         <value>0x9c50</value>
         <object_component_ref idref="oc-61"/>
      </symbol>
      <symbol id="sm-489">
         <name>__TI_decompress_none</name>
         <value>0x9ca2</value>
         <object_component_ref idref="oc-26"/>
      </symbol>
      <symbol id="sm-49d">
         <name>__TI_decompress_lzss</name>
         <value>0x9979</value>
         <object_component_ref idref="oc-20"/>
      </symbol>
      <symbol id="sm-4b3">
         <name>C$$EXIT</name>
         <value>0x99fc</value>
         <object_component_ref idref="oc-1c0"/>
      </symbol>
      <symbol id="sm-4b4">
         <name>abort</name>
         <value>0x99fc</value>
         <object_component_ref idref="oc-1c0"/>
      </symbol>
      <symbol id="sm-4b5">
         <name>exit</name>
         <value>0x99fe</value>
         <object_component_ref idref="oc-1c0"/>
      </symbol>
      <symbol id="sm-4b6">
         <name>__TI_dtors_ptr</name>
         <value>0xafca</value>
         <object_component_ref idref="oc-271"/>
      </symbol>
      <symbol id="sm-4b7">
         <name>__TI_cleanup_ptr</name>
         <value>0xafc8</value>
         <object_component_ref idref="oc-271"/>
      </symbol>
      <symbol id="sm-4b8">
         <name>__TI_enable_exit_profile_output</name>
         <value>0xafc6</value>
         <object_component_ref idref="oc-271"/>
      </symbol>
      <symbol id="sm-4cf">
         <name>_nop</name>
         <value>0x9c90</value>
         <object_component_ref idref="oc-29f"/>
      </symbol>
      <symbol id="sm-4d0">
         <name>_lock</name>
         <value>0xafcc</value>
         <object_component_ref idref="oc-217"/>
      </symbol>
      <symbol id="sm-4d1">
         <name>_unlock</name>
         <value>0xafce</value>
         <object_component_ref idref="oc-21a"/>
      </symbol>
      <symbol id="sm-4d2">
         <name>_register_lock</name>
         <value>0x9c8c</value>
         <object_component_ref idref="oc-29f"/>
      </symbol>
      <symbol id="sm-4d3">
         <name>_register_unlock</name>
         <value>0x9c88</value>
         <object_component_ref idref="oc-29f"/>
      </symbol>
      <symbol id="sm-4e2">
         <name>_args_main</name>
         <value>0x9c5d</value>
         <object_component_ref idref="oc-1ba"/>
      </symbol>
      <symbol id="sm-549">
         <name>_sys_memory</name>
         <value>0xa800</value>
         <object_component_ref idref="oc-214"/>
      </symbol>
      <symbol id="sm-54a">
         <name>free</name>
         <value>0x8c2a</value>
         <object_component_ref idref="oc-167"/>
      </symbol>
      <symbol id="sm-54b">
         <name>__TI_heap_total_available</name>
         <value>0x8e57</value>
         <object_component_ref idref="oc-167"/>
      </symbol>
      <symbol id="sm-54c">
         <name>__TI_heap_largest_available</name>
         <value>0x8e76</value>
         <object_component_ref idref="oc-167"/>
      </symbol>
      <symbol id="sm-54d">
         <name>realloc</name>
         <value>0x8cf4</value>
         <object_component_ref idref="oc-167"/>
      </symbol>
      <symbol id="sm-54e">
         <name>memalign</name>
         <value>0x8da9</value>
         <object_component_ref idref="oc-167"/>
      </symbol>
      <symbol id="sm-54f">
         <name>calloc</name>
         <value>0x8d7c</value>
         <object_component_ref idref="oc-167"/>
      </symbol>
      <symbol id="sm-550">
         <name>malloc</name>
         <value>0x8bff</value>
         <object_component_ref idref="oc-167"/>
      </symbol>
      <symbol id="sm-551">
         <name>__TI_heap_check</name>
         <value>0x8e95</value>
         <object_component_ref idref="oc-167"/>
      </symbol>
      <symbol id="sm-552">
         <name>aligned_alloc</name>
         <value>0x8da9</value>
         <object_component_ref idref="oc-167"/>
      </symbol>
      <symbol id="sm-553">
         <name>minit</name>
         <value>0x8d78</value>
         <object_component_ref idref="oc-167"/>
      </symbol>
      <symbol id="sm-562">
         <name>memset</name>
         <value>0x9cb1</value>
         <object_component_ref idref="oc-e4"/>
      </symbol>
      <symbol id="sm-56f">
         <name>__abort_execution</name>
         <value>0x8ffb</value>
         <object_component_ref idref="oc-16d"/>
      </symbol>
      <symbol id="sm-59e">
         <name>expf</name>
         <value>0x8e97</value>
         <object_component_ref idref="oc-14a"/>
      </symbol>
      <symbol id="sm-5af">
         <name>sqrtf</name>
         <value>0x9a4e</value>
         <object_component_ref idref="oc-229"/>
      </symbol>
      <symbol id="sm-5be">
         <name>cosf</name>
         <value>0x966f</value>
         <object_component_ref idref="oc-150"/>
      </symbol>
      <symbol id="sm-5cc">
         <name>sinf</name>
         <value>0x9609</value>
         <object_component_ref idref="oc-156"/>
      </symbol>
      <symbol id="sm-5da">
         <name>__ldexp_expf</name>
         <value>0x945b</value>
         <object_component_ref idref="oc-15c"/>
      </symbol>
      <symbol id="sm-5db">
         <name>__ldexp_cexpf</name>
         <value>0x9474</value>
         <object_component_ref idref="oc-15c"/>
      </symbol>
      <symbol id="sm-5e9">
         <name>_system_post_cinit</name>
         <value>0x87ff</value>
         <object_component_ref idref="oc-2ba"/>
      </symbol>
      <symbol id="sm-5f4">
         <name>errno</name>
         <value>0xafd2</value>
         <object_component_ref idref="oc-201"/>
      </symbol>
      <symbol id="sm-5f6">
         <name>__c_args__</name>
         <value>0x0</value>
      </symbol>
   </symbol_table>
   <title>Link successful</title>
</link_info>
